*** Using Compiler 'V5.06 update 7 (build 960)', folder: 'D:\Keil_5\ARM\ARMCC\Bin'
Rebuild target 'Project'
assembling startup_py32f031xx.s...
compiling main.c...
compiling py32f031_hal_msp.c...
compiling APP_PortMonitor.c...
compiling system_py32f031.c...
compiling APP_I2C.c...
compiling py32f031_it.c...
compiling APP_LCD_KeyPage.c...
compiling w25qxx.c...
compiling py32f031xx_Start_Kit.c...
compiling uart_flash_loader.c...
compiling py32f031_hal_cortex.c...
compiling py32f031_hal.c...
compiling lcd_spi.c...
compiling py32f031_hal_dma.c...
compiling py32f031_hal_gpio.c...
compiling py32f031_hal_rcc.c...
compiling py32f031_hal_pwr.c...
compiling py32f031_hal_rcc_ex.c...
compiling py32f031_hal_uart.c...
compiling py32f031_hal_spi.c...
compiling py32f031_hal_i2c.c...
linking...
Program Size: Code=12444 RO-data=452 RW-data=28 ZI-data=5508  
FromELF: creating hex file...
".\Output\Project.axf" - 0 Error(s), 0 Warning(s).
Build Time Elapsed:  00:00:05
