Component: ARM Compiler 5.06 update 7 (build 960) Tool: armlink [4d3601]

==============================================================================

Section Cross References

    startup_py32f031xx.o(RESET) refers to startup_py32f031xx.o(STACK) for __initial_sp
    startup_py32f031xx.o(RESET) refers to startup_py32f031xx.o(.text) for Reset_Handler
    startup_py32f031xx.o(RESET) refers to py32f031_it.o(i.NMI_Handler) for NMI_Handler
    startup_py32f031xx.o(RESET) refers to py32f031_it.o(i.HardFault_Handler) for HardFault_Handler
    startup_py32f031xx.o(RESET) refers to py32f031_it.o(i.SVC_Handler) for SVC_Handler
    startup_py32f031xx.o(RESET) refers to py32f031_it.o(i.PendSV_Handler) for PendSV_Handler
    startup_py32f031xx.o(RESET) refers to py32f031_it.o(i.SysTick_Handler) for SysTick_Handler
    startup_py32f031xx.o(RESET) refers to py32f031_it.o(i.DMA1_Channel2_3_IRQHandler) for DMA1_Channel2_3_IRQHandler
    startup_py32f031xx.o(RESET) refers to py32f031_it.o(i.USART1_IRQHandler) for USART1_IRQHandler
    startup_py32f031xx.o(.text) refers to system_py32f031.o(i.SystemInit) for SystemInit
    startup_py32f031xx.o(.text) refers to entry.o(.ARM.Collect$$$$00000000) for __main
    system_py32f031.o(i.SystemCoreClockUpdate) refers to uidiv.o(.text) for __aeabi_uidivmod
    system_py32f031.o(i.SystemCoreClockUpdate) refers to system_py32f031.o(.data) for SystemCoreClock
    system_py32f031.o(i.SystemCoreClockUpdate) refers to system_py32f031.o(.constdata) for HSIFreqTable
    main.o(i.APP_SPI2_LCD_Init) refers to py32f031_hal_spi.o(i.HAL_SPI_Init) for HAL_SPI_Init
    main.o(i.APP_SPI2_LCD_Init) refers to main.o(i.APP_ErrorHandler) for APP_ErrorHandler
    main.o(i.APP_SPI2_LCD_Init) refers to main.o(.bss) for hspi2
    main.o(i.APP_SystemClockConfig) refers to memseta.o(.text) for __aeabi_memclr4
    main.o(i.APP_SystemClockConfig) refers to py32f031_hal_rcc.o(i.HAL_RCC_OscConfig) for HAL_RCC_OscConfig
    main.o(i.APP_SystemClockConfig) refers to main.o(i.APP_ErrorHandler) for APP_ErrorHandler
    main.o(i.APP_SystemClockConfig) refers to py32f031_hal_rcc.o(i.HAL_RCC_ClockConfig) for HAL_RCC_ClockConfig
    main.o(i.APP_UART1_Init) refers to py32f031_hal_uart.o(i.HAL_UART_Init) for HAL_UART_Init
    main.o(i.APP_UART1_Init) refers to main.o(i.APP_ErrorHandler) for APP_ErrorHandler
    main.o(i.APP_UART1_Init) refers to main.o(.bss) for huart1
    main.o(i.main) refers to py32f031_hal.o(i.HAL_Init) for HAL_Init
    main.o(i.main) refers to main.o(i.APP_SystemClockConfig) for APP_SystemClockConfig
    main.o(i.main) refers to w25qxx.o(i.W25QXX_Init) for W25QXX_Init
    main.o(i.main) refers to main.o(i.APP_UART1_Init) for APP_UART1_Init
    main.o(i.main) refers to app_i2c.o(i.APP_I2C_Init) for APP_I2C_Init
    main.o(i.main) refers to main.o(i.APP_SPI2_LCD_Init) for APP_SPI2_LCD_Init
    main.o(i.main) refers to lcd_spi.o(i.ST7789_Init) for ST7789_Init
    main.o(i.main) refers to uart_flash_loader.o(i.UartFlashLoader_Run) for UartFlashLoader_Run
    app_i2c.o(i.APP_I2C_Init) refers to memseta.o(.text) for __aeabi_memclr4
    app_i2c.o(i.APP_I2C_Init) refers to py32f031_hal_gpio.o(i.HAL_GPIO_Init) for HAL_GPIO_Init
    app_i2c.o(i.APP_I2C_Init) refers to app_i2c.o(i.APP_I2C_SoftSDAHigh) for APP_I2C_SoftSDAHigh
    app_i2c.o(i.APP_I2C_Init) refers to app_i2c.o(i.APP_I2C_SoftSCLHigh) for APP_I2C_SoftSCLHigh
    app_i2c.o(i.APP_I2C_Init) refers to app_i2c.o(.constdata) for sAPP_I2CSoftPorts
    app_i2c.o(i.APP_I2C_ReadCommand) refers to app_i2c.o(i.APP_I2C_SoftwareReadCommand) for APP_I2C_SoftwareReadCommand
    app_i2c.o(i.APP_I2C_ReadCommand) refers to app_i2c.o(.constdata) for sAPP_I2CSoftPorts
    app_i2c.o(i.APP_I2C_ReadRegister) refers to app_i2c.o(i.APP_I2C_SoftwareReadRegister) for APP_I2C_SoftwareReadRegister
    app_i2c.o(i.APP_I2C_ReadRegister) refers to app_i2c.o(.constdata) for sAPP_I2CSoftPorts
    app_i2c.o(i.APP_I2C_SoftEnsureBus) refers to app_i2c.o(i.APP_I2C_SoftSDAHigh) for APP_I2C_SoftSDAHigh
    app_i2c.o(i.APP_I2C_SoftEnsureBus) refers to app_i2c.o(i.APP_I2C_SoftSCLHigh) for APP_I2C_SoftSCLHigh
    app_i2c.o(i.APP_I2C_SoftEnsureBus) refers to app_i2c.o(i.APP_I2C_SoftDelay) for APP_I2C_SoftDelay
    app_i2c.o(i.APP_I2C_SoftEnsureBus) refers to app_i2c.o(i.APP_I2C_SoftReadSDA) for APP_I2C_SoftReadSDA
    app_i2c.o(i.APP_I2C_SoftEnsureBus) refers to app_i2c.o(i.APP_I2C_SoftSCLLow) for APP_I2C_SoftSCLLow
    app_i2c.o(i.APP_I2C_SoftEnsureBus) refers to app_i2c.o(i.APP_I2C_SoftStop) for APP_I2C_SoftStop
    app_i2c.o(i.APP_I2C_SoftEnsureBus) refers to app_i2c.o(i.APP_I2C_SoftReadSCL) for APP_I2C_SoftReadSCL
    app_i2c.o(i.APP_I2C_SoftReadByte) refers to app_i2c.o(i.APP_I2C_SoftSDAHigh) for APP_I2C_SoftSDAHigh
    app_i2c.o(i.APP_I2C_SoftReadByte) refers to app_i2c.o(i.APP_I2C_SoftDelay) for APP_I2C_SoftDelay
    app_i2c.o(i.APP_I2C_SoftReadByte) refers to app_i2c.o(i.APP_I2C_SoftSCLHigh) for APP_I2C_SoftSCLHigh
[...]
    py32f031_hal_i2c.o(i.I2C_MasterReceive_RXNE) refers to py32f031_hal_i2c.o(i.HAL_I2C_MasterRxCpltCallback) for HAL_I2C_MasterRxCpltCallback
    py32f031_hal_i2c.o(i.I2C_MasterRequestRead) refers to py32f031_hal_i2c.o(i.I2C_WaitOnFlagUntilTimeout) for I2C_WaitOnFlagUntilTimeout
    py32f031_hal_i2c.o(i.I2C_MasterRequestRead) refers to py32f031_hal_i2c.o(i.I2C_WaitOnMasterAddressFlagUntilTimeout) for I2C_WaitOnMasterAddressFlagUntilTimeout
    py32f031_hal_i2c.o(i.I2C_MasterRequestWrite) refers to py32f031_hal_i2c.o(i.I2C_WaitOnFlagUntilTimeout) for I2C_WaitOnFlagUntilTimeout
    py32f031_hal_i2c.o(i.I2C_MasterRequestWrite) refers to py32f031_hal_i2c.o(i.I2C_WaitOnMasterAddressFlagUntilTimeout) for I2C_WaitOnMasterAddressFlagUntilTimeout
    py32f031_hal_i2c.o(i.I2C_MasterTransmit_BTF) refers to py32f031_hal_i2c.o(i.HAL_I2C_MasterTxCpltCallback) for HAL_I2C_MasterTxCpltCallback
    py32f031_hal_i2c.o(i.I2C_MasterTransmit_BTF) refers to py32f031_hal_i2c.o(i.HAL_I2C_MemTxCpltCallback) for HAL_I2C_MemTxCpltCallback
    py32f031_hal_i2c.o(i.I2C_MasterTransmit_TXE) refers to py32f031_hal_i2c.o(i.HAL_I2C_MasterTxCpltCallback) for HAL_I2C_MasterTxCpltCallback
    py32f031_hal_i2c.o(i.I2C_MasterTransmit_TXE) refers to py32f031_hal_i2c.o(i.HAL_I2C_MemTxCpltCallback) for HAL_I2C_MemTxCpltCallback
    py32f031_hal_i2c.o(i.I2C_RequestMemoryRead) refers to py32f031_hal_i2c.o(i.I2C_WaitOnFlagUntilTimeout) for I2C_WaitOnFlagUntilTimeout
    py32f031_hal_i2c.o(i.I2C_RequestMemoryRead) refers to py32f031_hal_i2c.o(i.I2C_WaitOnMasterAddressFlagUntilTimeout) for I2C_WaitOnMasterAddressFlagUntilTimeout
    py32f031_hal_i2c.o(i.I2C_RequestMemoryRead) refers to py32f031_hal_i2c.o(i.I2C_WaitOnTXEFlagUntilTimeout) for I2C_WaitOnTXEFlagUntilTimeout
    py32f031_hal_i2c.o(i.I2C_RequestMemoryWrite) refers to py32f031_hal_i2c.o(i.I2C_WaitOnFlagUntilTimeout) for I2C_WaitOnFlagUntilTimeout
    py32f031_hal_i2c.o(i.I2C_RequestMemoryWrite) refers to py32f031_hal_i2c.o(i.I2C_WaitOnMasterAddressFlagUntilTimeout) for I2C_WaitOnMasterAddressFlagUntilTimeout
    py32f031_hal_i2c.o(i.I2C_RequestMemoryWrite) refers to py32f031_hal_i2c.o(i.I2C_WaitOnTXEFlagUntilTimeout) for I2C_WaitOnTXEFlagUntilTimeout
    py32f031_hal_i2c.o(i.I2C_SlaveReceive_RXNE) refers to py32f031_hal_i2c.o(i.HAL_I2C_SlaveRxCpltCallback) for HAL_I2C_SlaveRxCpltCallback
    py32f031_hal_i2c.o(i.I2C_SlaveTransmit_TXE) refers to py32f031_hal_i2c.o(i.HAL_I2C_SlaveTxCpltCallback) for HAL_I2C_SlaveTxCpltCallback
    py32f031_hal_i2c.o(i.I2C_Slave_ADDR) refers to py32f031_hal_i2c.o(i.HAL_I2C_AddrCallback) for HAL_I2C_AddrCallback
    py32f031_hal_i2c.o(i.I2C_Slave_AF) refers to py32f031_hal_i2c.o(i.HAL_I2C_ListenCpltCallback) for HAL_I2C_ListenCpltCallback
    py32f031_hal_i2c.o(i.I2C_Slave_AF) refers to py32f031_hal_i2c.o(i.HAL_I2C_SlaveTxCpltCallback) for HAL_I2C_SlaveTxCpltCallback
    py32f031_hal_i2c.o(i.I2C_Slave_STOPF) refers to py32f031_hal_dma.o(i.HAL_DMA_GetState) for HAL_DMA_GetState
    py32f031_hal_i2c.o(i.I2C_Slave_STOPF) refers to py32f031_hal_dma.o(i.HAL_DMA_Abort_IT) for HAL_DMA_Abort_IT
    py32f031_hal_i2c.o(i.I2C_Slave_STOPF) refers to py32f031_hal_i2c.o(i.I2C_ITError) for I2C_ITError
    py32f031_hal_i2c.o(i.I2C_Slave_STOPF) refers to py32f031_hal_i2c.o(i.HAL_I2C_SlaveRxCpltCallback) for HAL_I2C_SlaveRxCpltCallback
    py32f031_hal_i2c.o(i.I2C_Slave_STOPF) refers to py32f031_hal_i2c.o(i.HAL_I2C_ListenCpltCallback) for HAL_I2C_ListenCpltCallback
    py32f031_hal_i2c.o(i.I2C_Slave_STOPF) refers to py32f031_hal_i2c.o(i.I2C_DMAAbort) for I2C_DMAAbort
    py32f031_hal_i2c.o(i.I2C_WaitOnBTFFlagUntilTimeout) refers to py32f031_hal_i2c.o(i.I2C_IsAcknowledgeFailed) for I2C_IsAcknowledgeFailed
    py32f031_hal_i2c.o(i.I2C_WaitOnBTFFlagUntilTimeout) refers to py32f031_hal.o(i.HAL_GetTick) for HAL_GetTick
    py32f031_hal_i2c.o(i.I2C_WaitOnFlagUntilTimeout) refers to py32f031_hal.o(i.HAL_GetTick) for HAL_GetTick
    py32f031_hal_i2c.o(i.I2C_WaitOnMasterAddressFlagUntilTimeout) refers to py32f031_hal.o(i.HAL_GetTick) for HAL_GetTick
    py32f031_hal_i2c.o(i.I2C_WaitOnRXNEFlagUntilTimeout) refers to py32f031_hal.o(i.HAL_GetTick) for HAL_GetTick
    py32f031_hal_i2c.o(i.I2C_WaitOnSTOPFlagUntilTimeout) refers to py32f031_hal_i2c.o(i.I2C_IsAcknowledgeFailed) for I2C_IsAcknowledgeFailed
    py32f031_hal_i2c.o(i.I2C_WaitOnSTOPFlagUntilTimeout) refers to py32f031_hal.o(i.HAL_GetTick) for HAL_GetTick
    py32f031_hal_i2c.o(i.I2C_WaitOnTXEFlagUntilTimeout) refers to py32f031_hal_i2c.o(i.I2C_IsAcknowledgeFailed) for I2C_IsAcknowledgeFailed
    py32f031_hal_i2c.o(i.I2C_WaitOnTXEFlagUntilTimeout) refers to py32f031_hal.o(i.HAL_GetTick) for HAL_GetTick
    entry.o(.ARM.Collect$$$$00000000) refers (Special) to entry10a.o(.ARM.Collect$$$$0000000F) for __rt_final_cpp
    entry.o(.ARM.Collect$$$$00000000) refers (Special) to entry11a.o(.ARM.Collect$$$$00000011) for __rt_final_exit
    entry.o(.ARM.Collect$$$$00000000) refers (Special) to entry12b.o(.ARM.Collect$$$$0000000E) for __rt_lib_shutdown_fini
    entry.o(.ARM.Collect$$$$00000000) refers (Special) to entry7b.o(.ARM.Collect$$$$00000008) for _main_clock
    entry.o(.ARM.Collect$$$$00000000) refers (Special) to entry8b.o(.ARM.Collect$$$$0000000A) for _main_cpp_init
    entry.o(.ARM.Collect$$$$00000000) refers (Special) to entry9a.o(.ARM.Collect$$$$0000000B) for _main_init
    entry.o(.ARM.Collect$$$$00000000) refers (Special) to entry5.o(.ARM.Collect$$$$00000004) for _main_scatterload
    entry.o(.ARM.Collect$$$$00000000) refers (Special) to entry2.o(.ARM.Collect$$$$00000001) for _main_stk
    entry2.o(.ARM.Collect$$$$00000001) refers to entry2.o(.ARM.Collect$$$$00002712) for __lit__00000000
    entry2.o(.ARM.Collect$$$$00002712) refers to startup_py32f031xx.o(STACK) for __initial_sp
    entry2.o(__vectab_stack_and_reset_area) refers to startup_py32f031xx.o(STACK) for __initial_sp
    entry2.o(__vectab_stack_and_reset_area) refers to entry.o(.ARM.Collect$$$$00000000) for __main
    entry5.o(.ARM.Collect$$$$00000004) refers to init.o(.text) for __scatterload
    entry9a.o(.ARM.Collect$$$$0000000B) refers to main.o(i.main) for main
    entry9b.o(.ARM.Collect$$$$0000000C) refers to main.o(i.main) for main
    init.o(.text) refers to entry5.o(.ARM.Collect$$$$00000004) for __main_after_scatterload


==============================================================================

Removing Unused input sections from the image.

    Removing startup_py32f031xx.o(HEAP), (512 bytes).
    Removing system_py32f031.o(.rev16_text), (4 bytes).
    Removing system_py32f031.o(.revsh_text), (4 bytes).
    Removing system_py32f031.o(i.SystemCoreClockUpdate), (236 bytes).
    Removing main.o(.rev16_text), (4 bytes).
    Removing main.o(.revsh_text), (4 bytes).
    Removing app_i2c.o(.rev16_text), (4 bytes).
    Removing app_i2c.o(.revsh_text), (4 bytes).
    Removing app_i2c.o(i.APP_I2C_ReadCommand), (60 bytes).
    Removing app_i2c.o(i.APP_I2C_ReadRegister), (52 bytes).
    Removing app_i2c.o(i.APP_I2C_SoftDelay), (22 bytes).
    Removing app_i2c.o(i.APP_I2C_SoftEnsureBus), (138 bytes).
    Removing app_i2c.o(i.APP_I2C_SoftReadByte), (154 bytes).
    Removing app_i2c.o(i.APP_I2C_SoftReadSDA), (22 bytes).
    Removing app_i2c.o(i.APP_I2C_SoftSCLLow), (16 bytes).
    Removing app_i2c.o(i.APP_I2C_SoftSDALow), (16 bytes).
    Removing app_i2c.o(i.APP_I2C_SoftStart), (48 bytes).
    Removing app_i2c.o(i.APP_I2C_SoftStop), (52 bytes).
    Removing app_i2c.o(i.APP_I2C_SoftWriteByte), (136 bytes).
    Removing app_i2c.o(i.APP_I2C_SoftwareReadCommand), (186 bytes).
    Removing app_i2c.o(i.APP_I2C_SoftwareReadRegister), (166 bytes).
    Removing app_i2c.o(i.APP_I2C_SoftwareWriteRegister), (118 bytes).
    Removing app_i2c.o(i.APP_I2C_WriteRegister), (40 bytes).
    Removing app_portmonitor.o(.rev16_text), (4 bytes).
    Removing app_portmonitor.o(.revsh_text), (4 bytes).
    Removing app_portmonitor.o(i.APP_PortMonitor_Acquire), (160 bytes).
    Removing app_portmonitor.o(i.APP_PortMonitor_BuildData), (248 bytes).
    Removing app_portmonitor.o(i.APP_PortMonitor_ChecksumValid), (52 bytes).
    Removing app_portmonitor.o(i.APP_PortMonitor_ClearData), (84 bytes).
    Removing app_portmonitor.o(i.APP_PortMonitor_GetSnapshot), (8 bytes).
    Removing app_portmonitor.o(i.APP_PortMonitor_Init), (60 bytes).
    Removing app_portmonitor.o(i.APP_PortMonitor_LoadLe16), (12 bytes).
    Removing app_portmonitor.o(i.APP_PortMonitor_Poll), (160 bytes).
    Removing app_portmonitor.o(i.APP_PortMonitor_ReadResponse), (140 bytes).
    Removing app_portmonitor.o(.bss), (88 bytes).
    Removing app_portmonitor.o(.constdata), (28 bytes).
    Removing app_portmonitor.o(.data), (5 bytes).
    Removing app_lcd_keypage.o(.rev16_text), (4 bytes).
    Removing app_lcd_keypage.o(.revsh_text), (4 bytes).
    Removing app_lcd_keypage.o(i.APP_LCD_KeyPage_Run), (308 bytes).
    Removing app_lcd_keypage.o(i.LcdCalcValueRect), (118 bytes).
    Removing app_lcd_keypage.o(i.LcdClearRect), (48 bytes).
    Removing app_lcd_keypage.o(i.LcdDisplayChunk), (20 bytes).
    Removing app_lcd_keypage.o(i.LcdDisplayDigit), (100 bytes).
    Removing app_lcd_keypage.o(i.LcdDisplayFrameKeepBand), (84 bytes).
    Removing app_lcd_keypage.o(i.LcdDisplayFrameRect), (192 bytes).
    Removing app_lcd_keypage.o(i.LcdDisplayImage), (34 bytes).
    Removing app_lcd_keypage.o(i.LcdDrawChargeValue), (144 bytes).
    Removing app_lcd_keypage.o(i.LcdDrawValue), (100 bytes).
    Removing app_lcd_keypage.o(i.LcdDrawValueAt), (70 bytes).
    Removing app_lcd_keypage.o(i.LcdDrawValueCentered), (96 bytes).
    Removing app_lcd_keypage.o(i.LcdKeyInit), (136 bytes).
    Removing app_lcd_keypage.o(i.LcdKeyPoll), (124 bytes).
    Removing app_lcd_keypage.o(i.LcdMinU16), (14 bytes).
    Removing app_lcd_keypage.o(i.LcdPageAdvance), (100 bytes).
    Removing app_lcd_keypage.o(i.LcdRectValid), (26 bytes).
    Removing app_lcd_keypage.o(i.LcdRenderCharging), (228 bytes).
    Removing app_lcd_keypage.o(i.LcdRenderCurrentPage), (288 bytes).
    Removing app_lcd_keypage.o(i.LcdResetCharging), (56 bytes).
    Removing app_lcd_keypage.o(i.LcdResetDigitCache), (104 bytes).
    Removing app_lcd_keypage.o(i.LcdResetSnapshot), (44 bytes).
    Removing app_lcd_keypage.o(i.LcdSplitDigits), (116 bytes).
    Removing app_lcd_keypage.o(i.LcdStreamFlash), (56 bytes).
    Removing app_lcd_keypage.o(i.LcdSyncPortMonitor), (120 bytes).
    Removing app_lcd_keypage.o(i.LcdTemperatureIndex), (22 bytes).
    Removing app_lcd_keypage.o(i.LcdUpdateAccumDigit), (136 bytes).
    Removing app_lcd_keypage.o(i.LcdUpdateDrawingDigits), (180 bytes).
    Removing app_lcd_keypage.o(i.LcdUpdatePortTotal), (48 bytes).
    Removing app_lcd_keypage.o(i.LcdUpdateTimer), (116 bytes).
    Removing app_lcd_keypage.o(.bss), (4200 bytes).
    Removing app_lcd_keypage.o(.constdata), (1328 bytes).
    Removing app_lcd_keypage.o(.data), (77 bytes).
    Removing py32f031_hal_msp.o(.rev16_text), (4 bytes).
    Removing py32f031_hal_msp.o(.revsh_text), (4 bytes).
    Removing py32f031_it.o(.rev16_text), (4 bytes).
    Removing py32f031_it.o(.revsh_text), (4 bytes).
    Removing w25qxx.o(.rev16_text), (4 bytes).
    Removing w25qxx.o(.revsh_text), (4 bytes).
    Removing w25qxx.o(i.W25QXX_DelayUs), (22 bytes).
    Removing w25qxx.o(i.W25QXX_Erase_Chip), (48 bytes).
    Removing w25qxx.o(i.W25QXX_PowerDown), (40 bytes).
    Removing w25qxx.o(i.W25QXX_Read), (140 bytes).
    Removing w25qxx.o(i.W25QXX_Read_DMA_End), (56 bytes).
    Removing w25qxx.o(i.W25QXX_Read_DMA_Start), (156 bytes).
    Removing w25qxx.o(i.W25QXX_WAKEUP), (40 bytes).
    Removing w25qxx.o(i.W25QXX_Write_Disable), (36 bytes).
    Removing w25qxx.o(i.W25QXX_Write_SR), (44 bytes).
    Removing w25qxx.o(.constdata), (1 bytes).
    Removing uart_flash_loader.o(.rev16_text), (4 bytes).
    Removing uart_flash_loader.o(.revsh_text), (4 bytes).
    Removing lcd_spi.o(.rev16_text), (4 bytes).
    Removing lcd_spi.o(.revsh_text), (4 bytes).
    Removing lcd_spi.o(i.HAL_SPI_ErrorCallback), (32 bytes).
    Removing lcd_spi.o(i.HAL_SPI_TxCpltCallback), (24 bytes).
    Removing lcd_spi.o(i.LCD_MapDmaCh3ToSpi2Tx), (108 bytes).
    Removing lcd_spi.o(i.LCD_RestoreW25QDmaMap), (180 bytes).
    Removing lcd_spi.o(i.ST7789_BeginWrite), (30 bytes).
    Removing lcd_spi.o(i.ST7789_Clear), (88 bytes).
    Removing lcd_spi.o(i.ST7789_DrawBitmap), (128 bytes).
    Removing lcd_spi.o(i.ST7789_DrawPixel), (40 bytes).
    Removing lcd_spi.o(i.ST7789_EndWrite), (16 bytes).
    Removing lcd_spi.o(i.ST7789_FillRect), (172 bytes).
    Removing lcd_spi.o(i.ST7789_WriteDataBlock), (156 bytes).
    Removing lcd_spi.o(.bss), (128 bytes).
    Removing lcd_spi.o(.data), (2 bytes).
    Removing py32f031xx_start_kit.o(.rev16_text), (4 bytes).
    Removing py32f031xx_start_kit.o(.revsh_text), (4 bytes).
    Removing py32f031xx_start_kit.o(i.BSP_GetVersion), (6 bytes).
    Removing py32f031xx_start_kit.o(i.BSP_LED_DeInit), (64 bytes).
    Removing py32f031xx_start_kit.o(i.BSP_LED_Init), (112 bytes).
    Removing py32f031xx_start_kit.o(i.BSP_LED_Off), (32 bytes).
    Removing py32f031xx_start_kit.o(i.BSP_LED_On), (32 bytes).
    Removing py32f031xx_start_kit.o(i.BSP_LED_Toggle), (32 bytes).
    Removing py32f031xx_start_kit.o(i.BSP_PB_DeInit), (60 bytes).
    Removing py32f031xx_start_kit.o(i.BSP_PB_GetState), (40 bytes).
    Removing py32f031xx_start_kit.o(i.BSP_PB_Init), (156 bytes).
    Removing py32f031xx_start_kit.o(i.BSP_USART_Config), (228 bytes).
    Removing py32f031xx_start_kit.o(i.fgetc), (28 bytes).
    Removing py32f031xx_start_kit.o(i.fputc), (28 bytes).
    Removing py32f031xx_start_kit.o(.bss), (76 bytes).
    Removing py32f031xx_start_kit.o(.constdata), (5 bytes).
    Removing py32f031xx_start_kit.o(.data), (8 bytes).
    Removing py32f031_hal.o(.rev16_text), (4 bytes).
    Removing py32f031_hal.o(.revsh_text), (4 bytes).
    Removing py32f031_hal.o(i.HAL_DBGMCU_DisableDBGMCUSleepMode), (20 bytes).
    Removing py32f031_hal.o(i.HAL_DBGMCU_DisableDBGMCUStopMode), (20 bytes).
    Removing py32f031_hal.o(i.HAL_DBGMCU_EnableDBGMCUSleepMode), (20 bytes).
    Removing py32f031_hal.o(i.HAL_DBGMCU_EnableDBGMCUStopMode), (20 bytes).
    Removing py32f031_hal.o(i.HAL_DeInit), (52 bytes).
    Removing py32f031_hal.o(i.HAL_GetHalVersion), (6 bytes).
    Removing py32f031_hal.o(i.HAL_GetREVID), (16 bytes).
    Removing py32f031_hal.o(i.HAL_GetTickFreq), (12 bytes).
    Removing py32f031_hal.o(i.HAL_GetTickPrio), (12 bytes).
    Removing py32f031_hal.o(i.HAL_GetUIDw0), (12 bytes).
    Removing py32f031_hal.o(i.HAL_GetUIDw1), (12 bytes).
    Removing py32f031_hal.o(i.HAL_GetUIDw2), (12 bytes).
    Removing py32f031_hal.o(i.HAL_MspDeInit), (2 bytes).
    Removing py32f031_hal.o(i.HAL_MspInit), (2 bytes).
    Removing py32f031_hal.o(i.HAL_ResumeTick), (20 bytes).
    Removing py32f031_hal.o(i.HAL_SYSCFG_DisableGPIOAnalog2), (68 bytes).
    Removing py32f031_hal.o(i.HAL_SYSCFG_DisableGPIOEIICSignal), (372 bytes).
    Removing py32f031_hal.o(i.HAL_SYSCFG_DisableGPIOEhsSignal), (172 bytes).
    Removing py32f031_hal.o(i.HAL_SYSCFG_DisableGPIOI2cPullUp), (52 bytes).
    Removing py32f031_hal.o(i.HAL_SYSCFG_DisableGPIONoiseFilter), (68 bytes).
    Removing py32f031_hal.o(i.HAL_SYSCFG_DisableI2CPinPullUp), (16 bytes).
    Removing py32f031_hal.o(i.HAL_SYSCFG_DisableI2CPinSignal), (16 bytes).
    Removing py32f031_hal.o(i.HAL_SYSCFG_DisableLEDPinHighDrvSignal), (16 bytes).
    Removing py32f031_hal.o(i.HAL_SYSCFG_EnableGPIOAnalog2), (68 bytes).
    Removing py32f031_hal.o(i.HAL_SYSCFG_EnableGPIOEIICSignal), (372 bytes).
    Removing py32f031_hal.o(i.HAL_SYSCFG_EnableGPIOEhsSignal), (172 bytes).
    Removing py32f031_hal.o(i.HAL_SYSCFG_EnableGPIOI2cPullUp), (52 bytes).
    Removing py32f031_hal.o(i.HAL_SYSCFG_EnableGPIONoiseFilter), (68 bytes).
    Removing py32f031_hal.o(i.HAL_SYSCFG_EnableI2CPinPullUp), (16 bytes).
    Removing py32f031_hal.o(i.HAL_SYSCFG_EnableI2CPinSignal), (16 bytes).
    Removing py32f031_hal.o(i.HAL_SYSCFG_EnableLEDPinHighDrvSignal), (16 bytes).
    Removing py32f031_hal.o(i.HAL_SYSCFG_GetRemapMemory), (16 bytes).
    Removing py32f031_hal.o(i.HAL_SYSCFG_GetTIM1CH1Source), (16 bytes).
    Removing py32f031_hal.o(i.HAL_SYSCFG_GetTIM2CH4Source), (16 bytes).
    Removing py32f031_hal.o(i.HAL_SYSCFG_SetRemapMemory), (20 bytes).
    Removing py32f031_hal.o(i.HAL_SYSCFG_SetTIM1CH1Source), (20 bytes).
    Removing py32f031_hal.o(i.HAL_SYSCFG_SetTIM2CH4Source), (20 bytes).
    Removing py32f031_hal.o(i.HAL_SYSCFG_TIM1ETRSource), (24 bytes).
    Removing py32f031_hal.o(i.HAL_SYSCFG_TIM2ETRSource), (24 bytes).
    Removing py32f031_hal.o(i.HAL_SetTickFreq), (44 bytes).
    Removing py32f031_hal.o(i.HAL_SuspendTick), (20 bytes).
    Removing py32f031_hal_cortex.o(.rev16_text), (4 bytes).
    Removing py32f031_hal_cortex.o(.revsh_text), (4 bytes).
    Removing py32f031_hal_cortex.o(i.HAL_NVIC_GetPendingIRQ), (48 bytes).
    Removing py32f031_hal_cortex.o(i.HAL_NVIC_GetPriority), (72 bytes).
    Removing py32f031_hal_cortex.o(i.HAL_NVIC_SetPendingIRQ), (28 bytes).
    Removing py32f031_hal_cortex.o(i.HAL_NVIC_SystemReset), (32 bytes).
    Removing py32f031_hal_cortex.o(i.HAL_SYSTICK_CLKSourceConfig), (36 bytes).
    Removing py32f031_hal_cortex.o(i.HAL_SYSTICK_Callback), (2 bytes).
    Removing py32f031_hal_cortex.o(i.HAL_SYSTICK_IRQHandler), (8 bytes).
    Removing py32f031_hal_dma.o(.rev16_text), (4 bytes).
    Removing py32f031_hal_dma.o(.revsh_text), (4 bytes).
    Removing py32f031_hal_dma.o(i.DMA_SetConfig), (42 bytes).
    Removing py32f031_hal_dma.o(i.HAL_DMA_Abort), (84 bytes).
    Removing py32f031_hal_dma.o(i.HAL_DMA_GetError), (6 bytes).
    Removing py32f031_hal_dma.o(i.HAL_DMA_GetState), (8 bytes).
    Removing py32f031_hal_dma.o(i.HAL_DMA_PollForTransfer), (380 bytes).
    Removing py32f031_hal_dma.o(i.HAL_DMA_RegisterCallback), (92 bytes).
    Removing py32f031_hal_dma.o(i.HAL_DMA_Start), (110 bytes).
    Removing py32f031_hal_dma.o(i.HAL_DMA_Start_IT), (154 bytes).
    Removing py32f031_hal_dma.o(i.HAL_DMA_UnRegisterCallback), (108 bytes).
    Removing py32f031_hal_rcc.o(.rev16_text), (4 bytes).
    Removing py32f031_hal_rcc.o(.revsh_text), (4 bytes).
    Removing py32f031_hal_rcc.o(i.HAL_RCC_CSSCallback), (2 bytes).
    Removing py32f031_hal_rcc.o(i.HAL_RCC_DeInit), (228 bytes).
    Removing py32f031_hal_rcc.o(i.HAL_RCC_DisableLSECSS), (20 bytes).
    Removing py32f031_hal_rcc.o(i.HAL_RCC_EnableCSS), (20 bytes).
    Removing py32f031_hal_rcc.o(i.HAL_RCC_EnableLSECSS), (20 bytes).
    Removing py32f031_hal_rcc.o(i.HAL_RCC_GetClockConfig), (60 bytes).
    Removing py32f031_hal_rcc.o(i.HAL_RCC_GetOscConfig), (232 bytes).
    Removing py32f031_hal_rcc.o(i.HAL_RCC_LSECSSCallback), (2 bytes).
    Removing py32f031_hal_rcc.o(i.HAL_RCC_MCOConfig), (456 bytes).
    Removing py32f031_hal_rcc.o(i.HAL_RCC_NMI_IRQHandler), (48 bytes).
    Removing py32f031_hal_rcc_ex.o(.rev16_text), (4 bytes).
    Removing py32f031_hal_rcc_ex.o(.revsh_text), (4 bytes).
    Removing py32f031_hal_rcc_ex.o(i.HAL_RCCEx_GetLSCSource), (20 bytes).
    Removing py32f031_hal_rcc_ex.o(i.HAL_RCCEx_GetPeriphCLKConfig), (100 bytes).
    Removing py32f031_hal_rcc_ex.o(i.HAL_RCCEx_GetPeriphCLKFreq), (464 bytes).
    Removing py32f031_hal_rcc_ex.o(i.HAL_RCCEx_PeriphCLKConfig), (428 bytes).
    Removing py32f031_hal_rcc_ex.o(i.HAL_RCCEx_SetLSCSource), (124 bytes).
    Removing py32f031_hal_uart.o(.rev16_text), (4 bytes).
    Removing py32f031_hal_uart.o(.revsh_text), (4 bytes).
    Removing py32f031_hal_uart.o(i.HAL_HalfDuplex_EnableReceiver), (72 bytes).
    Removing py32f031_hal_uart.o(i.HAL_HalfDuplex_EnableTransmitter), (72 bytes).
    Removing py32f031_hal_uart.o(i.HAL_HalfDuplex_Init), (116 bytes).
    Removing py32f031_hal_uart.o(i.HAL_LIN_Init), (162 bytes).
    Removing py32f031_hal_uart.o(i.HAL_LIN_SendBreak), (62 bytes).
    Removing py32f031_hal_uart.o(i.HAL_MultiProcessor_EnterMuteMode), (62 bytes).
    Removing py32f031_hal_uart.o(i.HAL_MultiProcessor_ExitMuteMode), (62 bytes).
    Removing py32f031_hal_uart.o(i.HAL_MultiProcessor_Init), (166 bytes).
    Removing py32f031_hal_uart.o(i.HAL_UART_Abort), (176 bytes).
    Removing py32f031_hal_uart.o(i.HAL_UART_AbortCpltCallback), (2 bytes).
    Removing py32f031_hal_uart.o(i.HAL_UART_AbortReceive), (106 bytes).
    Removing py32f031_hal_uart.o(i.HAL_UART_AbortReceiveCpltCallback), (2 bytes).
    Removing py32f031_hal_uart.o(i.HAL_UART_AbortReceive_IT), (124 bytes).
    Removing py32f031_hal_uart.o(i.HAL_UART_AbortTransmit), (92 bytes).
    Removing py32f031_hal_uart.o(i.HAL_UART_AbortTransmitCpltCallback), (2 bytes).
    Removing py32f031_hal_uart.o(i.HAL_UART_AbortTransmit_IT), (112 bytes).
    Removing py32f031_hal_uart.o(i.HAL_UART_Abort_IT), (232 bytes).
    Removing py32f031_hal_uart.o(i.HAL_UART_DMAPause), (130 bytes).
    Removing py32f031_hal_uart.o(i.HAL_UART_DMAResume), (128 bytes).
    Removing py32f031_hal_uart.o(i.HAL_UART_DMAStop), (110 bytes).
    Removing py32f031_hal_uart.o(i.HAL_UART_DeInit), (64 bytes).
    Removing py32f031_hal_uart.o(i.HAL_UART_GetError), (6 bytes).
    Removing py32f031_hal_uart.o(i.HAL_UART_GetState), (20 bytes).
    Removing py32f031_hal_uart.o(i.HAL_UART_MspDeInit), (2 bytes).
    Removing py32f031_hal_uart.o(i.HAL_UART_MspInit), (2 bytes).
    Removing py32f031_hal_uart.o(i.HAL_UART_Receive_DMA), (220 bytes).
    Removing py32f031_hal_uart.o(i.HAL_UART_Receive_IT), (118 bytes).
    Removing py32f031_hal_uart.o(i.HAL_UART_RxHalfCpltCallback), (2 bytes).
    Removing py32f031_hal_uart.o(i.HAL_UART_Transmit_DMA), (188 bytes).
    Removing py32f031_hal_uart.o(i.HAL_UART_Transmit_IT), (92 bytes).
    Removing py32f031_hal_uart.o(i.HAL_UART_TxHalfCpltCallback), (2 bytes).
    Removing py32f031_hal_uart.o(i.UART_DMAError), (88 bytes).
    Removing py32f031_hal_uart.o(i.UART_DMAReceiveCplt), (70 bytes).
    Removing py32f031_hal_uart.o(i.UART_DMARxAbortCallback), (56 bytes).
    Removing py32f031_hal_uart.o(i.UART_DMARxHalfCplt), (14 bytes).
    Removing py32f031_hal_uart.o(i.UART_DMARxOnlyAbortCallback), (24 bytes).
    Removing py32f031_hal_uart.o(i.UART_DMATransmitCplt), (54 bytes).
    Removing py32f031_hal_uart.o(i.UART_DMATxAbortCallback), (56 bytes).
    Removing py32f031_hal_uart.o(i.UART_DMATxHalfCplt), (14 bytes).
    Removing py32f031_hal_uart.o(i.UART_DMATxOnlyAbortCallback), (24 bytes).
    Removing py32f031_hal_uart.o(i.UART_EndTxTransfer), (20 bytes).
    Removing py32f031_hal_gpio.o(.rev16_text), (4 bytes).
    Removing py32f031_hal_gpio.o(.revsh_text), (4 bytes).
    Removing py32f031_hal_gpio.o(i.HAL_GPIO_DeInit), (244 bytes).
    Removing py32f031_hal_gpio.o(i.HAL_GPIO_EXTI_Callback), (2 bytes).
    Removing py32f031_hal_gpio.o(i.HAL_GPIO_EXTI_IRQHandler), (32 bytes).
    Removing py32f031_hal_gpio.o(i.HAL_GPIO_LockPin), (50 bytes).
    Removing py32f031_hal_gpio.o(i.HAL_GPIO_TogglePin), (16 bytes).
    Removing py32f031_hal_pwr.o(.rev16_text), (4 bytes).
    Removing py32f031_hal_pwr.o(.revsh_text), (4 bytes).
    Removing py32f031_hal_pwr.o(i.HAL_PWR_ConfigPVD), (204 bytes).
    Removing py32f031_hal_pwr.o(i.HAL_PWR_ConfigStopMode), (32 bytes).
    Removing py32f031_hal_pwr.o(i.HAL_PWR_DeInit), (32 bytes).
    Removing py32f031_hal_pwr.o(i.HAL_PWR_DisableBkUpAccess), (20 bytes).
    Removing py32f031_hal_pwr.o(i.HAL_PWR_DisablePVD), (20 bytes).
    Removing py32f031_hal_pwr.o(i.HAL_PWR_DisableSEVOnPend), (20 bytes).
    Removing py32f031_hal_pwr.o(i.HAL_PWR_DisableSleepOnExit), (20 bytes).
    Removing py32f031_hal_pwr.o(i.HAL_PWR_EnableBkUpAccess), (20 bytes).
    Removing py32f031_hal_pwr.o(i.HAL_PWR_EnablePVD), (20 bytes).
    Removing py32f031_hal_pwr.o(i.HAL_PWR_EnableSEVOnPend), (20 bytes).
    Removing py32f031_hal_pwr.o(i.HAL_PWR_EnableSleepOnExit), (20 bytes).
    Removing py32f031_hal_pwr.o(i.HAL_PWR_EnterSLEEPMode), (32 bytes).
    Removing py32f031_hal_pwr.o(i.HAL_PWR_EnterSTOPMode), (64 bytes).
    Removing py32f031_hal_pwr.o(i.HAL_PWR_PVD_Callback), (2 bytes).
    Removing py32f031_hal_pwr.o(i.HAL_PWR_PVD_IRQHandler), (32 bytes).
    Removing py32f031_hal_spi.o(.rev16_text), (4 bytes).
    Removing py32f031_hal_spi.o(.revsh_text), (4 bytes).
    Removing py32f031_hal_spi.o(i.HAL_SPI_Abort), (472 bytes).
    Removing py32f031_hal_spi.o(i.HAL_SPI_AbortCpltCallback), (2 bytes).
    Removing py32f031_hal_spi.o(i.HAL_SPI_Abort_IT), (404 bytes).
    Removing py32f031_hal_spi.o(i.HAL_SPI_DMAPause), (50 bytes).
    Removing py32f031_hal_spi.o(i.HAL_SPI_DMAResume), (50 bytes).
    Removing py32f031_hal_spi.o(i.HAL_SPI_DMAStop), (80 bytes).
    Removing py32f031_hal_spi.o(i.HAL_SPI_DeInit), (58 bytes).
    Removing py32f031_hal_spi.o(i.HAL_SPI_ErrorCallback), (2 bytes).
    Removing py32f031_hal_spi.o(i.HAL_SPI_GetError), (6 bytes).
    Removing py32f031_hal_spi.o(i.HAL_SPI_GetState), (8 bytes).
    Removing py32f031_hal_spi.o(i.HAL_SPI_IRQHandler), (364 bytes).
    Removing py32f031_hal_spi.o(i.HAL_SPI_MspDeInit), (2 bytes).
    Removing py32f031_hal_spi.o(i.HAL_SPI_MspInit), (2 bytes).
    Removing py32f031_hal_spi.o(i.HAL_SPI_Receive), (396 bytes).
    Removing py32f031_hal_spi.o(i.HAL_SPI_Receive_DMA), (344 bytes).
    Removing py32f031_hal_spi.o(i.HAL_SPI_Receive_IT), (232 bytes).
    Removing py32f031_hal_spi.o(i.HAL_SPI_RxCpltCallback), (2 bytes).
    Removing py32f031_hal_spi.o(i.HAL_SPI_RxHalfCpltCallback), (2 bytes).
    Removing py32f031_hal_spi.o(i.HAL_SPI_TransmitReceive_DMA), (464 bytes).
    Removing py32f031_hal_spi.o(i.HAL_SPI_TransmitReceive_IT), (208 bytes).
    Removing py32f031_hal_spi.o(i.HAL_SPI_Transmit_DMA), (312 bytes).
    Removing py32f031_hal_spi.o(i.HAL_SPI_Transmit_IT), (192 bytes).
    Removing py32f031_hal_spi.o(i.HAL_SPI_TxCpltCallback), (2 bytes).
    Removing py32f031_hal_spi.o(i.HAL_SPI_TxHalfCpltCallback), (2 bytes).
    Removing py32f031_hal_spi.o(i.HAL_SPI_TxRxCpltCallback), (2 bytes).
    Removing py32f031_hal_spi.o(i.HAL_SPI_TxRxHalfCpltCallback), (2 bytes).
    Removing py32f031_hal_spi.o(i.SPI_2linesRxISR_16BIT), (56 bytes).
    Removing py32f031_hal_spi.o(i.SPI_2linesRxISR_8BIT), (56 bytes).
    Removing py32f031_hal_spi.o(i.SPI_2linesTxISR_16BIT), (56 bytes).
    Removing py32f031_hal_spi.o(i.SPI_2linesTxISR_8BIT), (56 bytes).
    Removing py32f031_hal_spi.o(i.SPI_AbortRx_ISR), (164 bytes).
    Removing py32f031_hal_spi.o(i.SPI_AbortTx_ISR), (276 bytes).
    Removing py32f031_hal_spi.o(i.SPI_CloseRxTx_ISR), (100 bytes).
    Removing py32f031_hal_spi.o(i.SPI_CloseRx_ISR), (72 bytes).
    Removing py32f031_hal_spi.o(i.SPI_CloseTx_ISR), (98 bytes).
    Removing py32f031_hal_spi.o(i.SPI_DMAAbortOnError), (20 bytes).
    Removing py32f031_hal_spi.o(i.SPI_DMAError), (40 bytes).
    Removing py32f031_hal_spi.o(i.SPI_DMAHalfReceiveCplt), (14 bytes).
    Removing py32f031_hal_spi.o(i.SPI_DMAHalfTransmitCplt), (14 bytes).
    Removing py32f031_hal_spi.o(i.SPI_DMAHalfTransmitReceiveCplt), (14 bytes).
    Removing py32f031_hal_spi.o(i.SPI_DMAReceiveCplt), (128 bytes).
    Removing py32f031_hal_spi.o(i.SPI_DMARxAbortCallback), (180 bytes).
    Removing py32f031_hal_spi.o(i.SPI_DMATransmitCplt), (128 bytes).
    Removing py32f031_hal_spi.o(i.SPI_DMATransmitReceiveCplt), (104 bytes).
    Removing py32f031_hal_spi.o(i.SPI_DMATxAbortCallback), (176 bytes).
    Removing py32f031_hal_spi.o(i.SPI_EndRxTransaction), (142 bytes).
    Removing py32f031_hal_spi.o(i.SPI_RxISR_16BIT), (38 bytes).
    Removing py32f031_hal_spi.o(i.SPI_RxISR_8BIT), (38 bytes).
    Removing py32f031_hal_spi.o(i.SPI_TxISR_16BIT), (38 bytes).
    Removing py32f031_hal_spi.o(i.SPI_TxISR_8BIT), (38 bytes).
    Removing py32f031_hal_i2c.o(.rev16_text), (4 bytes).
    Removing py32f031_hal_i2c.o(.revsh_text), (4 bytes).
    Removing py32f031_hal_i2c.o(i.HAL_I2C_AbortCpltCallback), (2 bytes).
    Removing py32f031_hal_i2c.o(i.HAL_I2C_AddrCallback), (2 bytes).
    Removing py32f031_hal_i2c.o(i.HAL_I2C_DeInit), (66 bytes).
    Removing py32f031_hal_i2c.o(i.HAL_I2C_DisableListen_IT), (74 bytes).
    Removing py32f031_hal_i2c.o(i.HAL_I2C_ER_IRQHandler), (288 bytes).
    Removing py32f031_hal_i2c.o(i.HAL_I2C_EV_IRQHandler), (600 bytes).
    Removing py32f031_hal_i2c.o(i.HAL_I2C_EnableListen_IT), (76 bytes).
    Removing py32f031_hal_i2c.o(i.HAL_I2C_ErrorCallback), (2 bytes).
    Removing py32f031_hal_i2c.o(i.HAL_I2C_GetError), (6 bytes).
    Removing py32f031_hal_i2c.o(i.HAL_I2C_GetMode), (8 bytes).
    Removing py32f031_hal_i2c.o(i.HAL_I2C_GetState), (8 bytes).
    Removing py32f031_hal_i2c.o(i.HAL_I2C_IRQHandler), (944 bytes).
    Removing py32f031_hal_i2c.o(i.HAL_I2C_Init), (704 bytes).
    Removing py32f031_hal_i2c.o(i.HAL_I2C_IsDeviceReady), (464 bytes).
    Removing py32f031_hal_i2c.o(i.HAL_I2C_ListenCpltCallback), (2 bytes).
    Removing py32f031_hal_i2c.o(i.HAL_I2C_MasterRxCpltCallback), (2 bytes).
    Removing py32f031_hal_i2c.o(i.HAL_I2C_MasterTxCpltCallback), (2 bytes).
    Removing py32f031_hal_i2c.o(i.HAL_I2C_Master_Abort_IT), (116 bytes).
    Removing py32f031_hal_i2c.o(i.HAL_I2C_Master_Receive), (808 bytes).
    Removing py32f031_hal_i2c.o(i.HAL_I2C_Master_Receive_DMA), (436 bytes).
    Removing py32f031_hal_i2c.o(i.HAL_I2C_Master_Receive_IT), (268 bytes).
    Removing py32f031_hal_i2c.o(i.HAL_I2C_Master_Seq_Receive_DMA), (660 bytes).
    Removing py32f031_hal_i2c.o(i.HAL_I2C_Master_Seq_Receive_IT), (392 bytes).
    Removing py32f031_hal_i2c.o(i.HAL_I2C_Master_Seq_Transmit_DMA), (520 bytes).
    Removing py32f031_hal_i2c.o(i.HAL_I2C_Master_Seq_Transmit_IT), (300 bytes).
    Removing py32f031_hal_i2c.o(i.HAL_I2C_Master_Transmit), (384 bytes).
    Removing py32f031_hal_i2c.o(i.HAL_I2C_Master_Transmit_DMA), (500 bytes).
    Removing py32f031_hal_i2c.o(i.HAL_I2C_Master_Transmit_IT), (252 bytes).
    Removing py32f031_hal_i2c.o(i.HAL_I2C_MemRxCpltCallback), (2 bytes).
    Removing py32f031_hal_i2c.o(i.HAL_I2C_MemTxCpltCallback), (2 bytes).
    Removing py32f031_hal_i2c.o(i.HAL_I2C_Mem_Read), (816 bytes).
    Removing py32f031_hal_i2c.o(i.HAL_I2C_Mem_Read_DMA), (516 bytes).
    Removing py32f031_hal_i2c.o(i.HAL_I2C_Mem_Read_IT), (284 bytes).
    Removing py32f031_hal_i2c.o(i.HAL_I2C_Mem_Write), (372 bytes).
    Removing py32f031_hal_i2c.o(i.HAL_I2C_Mem_Write_DMA), (436 bytes).
    Removing py32f031_hal_i2c.o(i.HAL_I2C_Mem_Write_IT), (264 bytes).
    Removing py32f031_hal_i2c.o(i.HAL_I2C_MspDeInit), (2 bytes).
    Removing py32f031_hal_i2c.o(i.HAL_I2C_MspInit), (2 bytes).
    Removing py32f031_hal_i2c.o(i.HAL_I2C_SlaveRxCpltCallback), (2 bytes).
    Removing py32f031_hal_i2c.o(i.HAL_I2C_SlaveTxCpltCallback), (2 bytes).
    Removing py32f031_hal_i2c.o(i.HAL_I2C_Slave_Receive), (404 bytes).
    Removing py32f031_hal_i2c.o(i.HAL_I2C_Slave_Receive_DMA), (268 bytes).
    Removing py32f031_hal_i2c.o(i.HAL_I2C_Slave_Receive_IT), (156 bytes).
    Removing py32f031_hal_i2c.o(i.HAL_I2C_Slave_Seq_Receive_DMA), (440 bytes).
    Removing py32f031_hal_i2c.o(i.HAL_I2C_Slave_Seq_Receive_IT), (164 bytes).
    Removing py32f031_hal_i2c.o(i.HAL_I2C_Slave_Seq_Transmit_DMA), (440 bytes).
    Removing py32f031_hal_i2c.o(i.HAL_I2C_Slave_Seq_Transmit_IT), (164 bytes).
    Removing py32f031_hal_i2c.o(i.HAL_I2C_Slave_Transmit), (380 bytes).
    Removing py32f031_hal_i2c.o(i.HAL_I2C_Slave_Transmit_DMA), (324 bytes).
    Removing py32f031_hal_i2c.o(i.HAL_I2C_Slave_Transmit_IT), (156 bytes).
    Removing py32f031_hal_i2c.o(i.I2C_ConvertOtherXferOptions), (32 bytes).
    Removing py32f031_hal_i2c.o(i.I2C_DMAAbort), (156 bytes).
    Removing py32f031_hal_i2c.o(i.I2C_DMAError), (62 bytes).
    Removing py32f031_hal_i2c.o(i.I2C_DMAXferCplt), (320 bytes).
    Removing py32f031_hal_i2c.o(i.I2C_ITError), (404 bytes).
    Removing py32f031_hal_i2c.o(i.I2C_IsAcknowledgeFailed), (66 bytes).
    Removing py32f031_hal_i2c.o(i.I2C_MasterReceive_BTF), (310 bytes).
    Removing py32f031_hal_i2c.o(i.I2C_MasterReceive_RXNE), (174 bytes).
    Removing py32f031_hal_i2c.o(i.I2C_MasterRequestRead), (144 bytes).
    Removing py32f031_hal_i2c.o(i.I2C_MasterRequestWrite), (128 bytes).
    Removing py32f031_hal_i2c.o(i.I2C_MasterTransmit_BTF), (172 bytes).
    Removing py32f031_hal_i2c.o(i.I2C_MasterTransmit_TXE), (352 bytes).
    Removing py32f031_hal_i2c.o(i.I2C_Master_ADD10), (52 bytes).
    Removing py32f031_hal_i2c.o(i.I2C_Master_ADDR), (616 bytes).
    Removing py32f031_hal_i2c.o(i.I2C_Master_SB), (116 bytes).
    Removing py32f031_hal_i2c.o(i.I2C_RequestMemoryRead), (340 bytes).
    Removing py32f031_hal_i2c.o(i.I2C_RequestMemoryWrite), (244 bytes).
    Removing py32f031_hal_i2c.o(i.I2C_SlaveReceive_BTF), (28 bytes).
    Removing py32f031_hal_i2c.o(i.I2C_SlaveReceive_RXNE), (76 bytes).
    Removing py32f031_hal_i2c.o(i.I2C_SlaveTransmit_BTF), (28 bytes).
    Removing py32f031_hal_i2c.o(i.I2C_SlaveTransmit_TXE), (76 bytes).
    Removing py32f031_hal_i2c.o(i.I2C_Slave_ADDR), (90 bytes).
    Removing py32f031_hal_i2c.o(i.I2C_Slave_AF), (168 bytes).
    Removing py32f031_hal_i2c.o(i.I2C_Slave_STOPF), (484 bytes).
    Removing py32f031_hal_i2c.o(i.I2C_WaitOnBTFFlagUntilTimeout), (100 bytes).
    Removing py32f031_hal_i2c.o(i.I2C_WaitOnFlagUntilTimeout), (130 bytes).
    Removing py32f031_hal_i2c.o(i.I2C_WaitOnMasterAddressFlagUntilTimeout), (204 bytes).
    Removing py32f031_hal_i2c.o(i.I2C_WaitOnRXNEFlagUntilTimeout), (132 bytes).
    Removing py32f031_hal_i2c.o(i.I2C_WaitOnSTOPFlagUntilTimeout), (94 bytes).
    Removing py32f031_hal_i2c.o(i.I2C_WaitOnTXEFlagUntilTimeout), (100 bytes).
    Removing app_lcd_keypage.o(i.__ARM_common_switch8), (28 bytes).

406 unused section(s) (total 48708 bytes) removed from the image.

==============================================================================

Image Symbol Table

    Local Symbols

    Symbol Name                              Value     Ov Type        Size  Object(Section)

    ../clib/microlib/division.c              0x00000000   Number         0  uidiv.o ABSOLUTE
    ../clib/microlib/init/entry.s            0x00000000   Number         0  entry7a.o ABSOLUTE
    ../clib/microlib/init/entry.s            0x00000000   Number         0  entry10a.o ABSOLUTE
    ../clib/microlib/init/entry.s            0x00000000   Number         0  entry11b.o ABSOLUTE
    ../clib/microlib/init/entry.s            0x00000000   Number         0  entry.o ABSOLUTE
    ../clib/microlib/init/entry.s            0x00000000   Number         0  entry2.o ABSOLUTE
    ../clib/microlib/init/entry.s            0x00000000   Number         0  entry9b.o ABSOLUTE
    ../clib/microlib/init/entry.s            0x00000000   Number         0  entry12a.o ABSOLUTE
    ../clib/microlib/init/entry.s            0x00000000   Number         0  entry9a.o ABSOLUTE
    ../clib/microlib/init/entry.s            0x00000000   Number         0  entry8b.o ABSOLUTE
    ../clib/microlib/init/entry.s            0x00000000   Number         0  entry12b.o ABSOLUTE
    ../clib/microlib/init/entry.s            0x00000000   Number         0  entry8a.o ABSOLUTE
    ../clib/microlib/init/entry.s            0x00000000   Number         0  entry11a.o ABSOLUTE
    ../clib/microlib/init/entry.s            0x00000000   Number         0  entry10b.o ABSOLUTE
    ../clib/microlib/init/entry.s            0x00000000   Number         0  entry5.o ABSOLUTE
    ../clib/microlib/init/entry.s            0x00000000   Number         0  entry7b.o ABSOLUTE
    ../clib/microlib/string/memcpy.c         0x00000000   Number         0  memcpya.o ABSOLUTE
    ../clib/microlib/string/memcpy.c         0x00000000   Number         0  memcpyb.o ABSOLUTE
    ../clib/microlib/string/memset.c         0x00000000   Number         0  memseta.o ABSOLUTE
    ..\..\Drivers\BSP\PY32F031xx_Start_Kit\py32f031xx_Start_Kit.c 0x00000000   Number         0  py32f031xx_start_kit.o ABSOLUTE
    ..\..\Drivers\PY32F031_HAL_Driver\Src\py32f031_hal.c 0x00000000   Number         0  py32f031_hal.o ABSOLUTE
    ..\..\Drivers\PY32F031_HAL_Driver\Src\py32f031_hal_cortex.c 0x00000000   Number         0  py32f031_hal_cortex.o ABSOLUTE
    ..\..\Drivers\PY32F031_HAL_Driver\Src\py32f031_hal_dma.c 0x00000000   Number         0  py32f031_hal_dma.o ABSOLUTE
    ..\..\Drivers\PY32F031_HAL_Driver\Src\py32f031_hal_gpio.c 0x00000000   Number         0  py32f031_hal_gpio.o ABSOLUTE
    ..\..\Drivers\PY32F031_HAL_Driver\Src\py32f031_hal_i2c.c 0x00000000   Number         0  py32f031_hal_i2c.o ABSOLUTE
    ..\..\Drivers\PY32F031_HAL_Driver\Src\py32f031_hal_pwr.c 0x00000000   Number         0  py32f031_hal_pwr.o ABSOLUTE
    ..\..\Drivers\PY32F031_HAL_Driver\Src\py32f031_hal_rcc.c 0x00000000   Number         0  py32f031_hal_rcc.o ABSOLUTE
    ..\..\Drivers\PY32F031_HAL_Driver\Src\py32f031_hal_rcc_ex.c 0x00000000   Number         0  py32f031_hal_rcc_ex.o ABSOLUTE
    ..\..\Drivers\PY32F031_HAL_Driver\Src\py32f031_hal_spi.c 0x00000000   Number         0  py32f031_hal_spi.o ABSOLUTE
    ..\..\Drivers\PY32F031_HAL_Driver\Src\py32f031_hal_uart.c 0x00000000   Number         0  py32f031_hal_uart.o ABSOLUTE
    ..\Src\APP_I2C.c                         0x00000000   Number         0  app_i2c.o ABSOLUTE
    ..\Src\APP_LCD_KeyPage.c                 0x00000000   Number         0  app_lcd_keypage.o ABSOLUTE
    ..\Src\APP_PortMonitor.c                 0x00000000   Number         0  app_portmonitor.o ABSOLUTE
    ..\Src\lcd_spi.c                         0x00000000   Number         0  lcd_spi.o ABSOLUTE
    ..\Src\main.c                            0x00000000   Number         0  main.o ABSOLUTE
    ..\Src\py32f031_hal_msp.c                0x00000000   Number         0  py32f031_hal_msp.o ABSOLUTE
    ..\Src\py32f031_it.c                     0x00000000   Number         0  py32f031_it.o ABSOLUTE
    ..\Src\system_py32f031.c                 0x00000000   Number         0  system_py32f031.o ABSOLUTE
    ..\Src\uart_flash_loader.c               0x00000000   Number         0  uart_flash_loader.o ABSOLUTE
    ..\Src\w25qxx.c                          0x00000000   Number         0  w25qxx.o ABSOLUTE
    ..\\..\\Drivers\\BSP\\PY32F031xx_Start_Kit\\py32f031xx_Start_Kit.c 0x00000000   Number         0  py32f031xx_start_kit.o ABSOLUTE
    ..\\..\\Drivers\\PY32F031_HAL_Driver\\Src\\py32f031_hal.c 0x00000000   Number         0  py32f031_hal.o ABSOLUTE
    ..\\..\\Drivers\\PY32F031_HAL_Driver\\Src\\py32f031_hal_cortex.c 0x00000000   Number         0  py32f031_hal_cortex.o ABSOLUTE
    ..\\..\\Drivers\\PY32F031_HAL_Driver\\Src\\py32f031_hal_dma.c 0x00000000   Number         0  py32f031_hal_dma.o ABSOLUTE
    ..\\..\\Drivers\\PY32F031_HAL_Driver\\Src\\py32f031_hal_gpio.c 0x00000000   Number         0  py32f031_hal_gpio.o ABSOLUTE
    ..\\..\\Drivers\\PY32F031_HAL_Driver\\Src\\py32f031_hal_i2c.c 0x00000000   Number         0  py32f031_hal_i2c.o ABSOLUTE
    ..\\..\\Drivers\\PY32F031_HAL_Driver\\Src\\py32f031_hal_pwr.c 0x00000000   Number         0  py32f031_hal_pwr.o ABSOLUTE
    ..\\..\\Drivers\\PY32F031_HAL_Driver\\Src\\py32f031_hal_rcc.c 0x00000000   Number         0  py32f031_hal_rcc.o ABSOLUTE
    ..\\..\\Drivers\\PY32F031_HAL_Driver\\Src\\py32f031_hal_rcc_ex.c 0x00000000   Number         0  py32f031_hal_rcc_ex.o ABSOLUTE
    ..\\..\\Drivers\\PY32F031_HAL_Driver\\Src\\py32f031_hal_spi.c 0x00000000   Number         0  py32f031_hal_spi.o ABSOLUTE
    ..\\..\\Drivers\\PY32F031_HAL_Driver\\Src\\py32f031_hal_uart.c 0x00000000   Number         0  py32f031_hal_uart.o ABSOLUTE
    ..\\Src\\APP_I2C.c                       0x00000000   Number         0  app_i2c.o ABSOLUTE
    ..\\Src\\APP_LCD_KeyPage.c               0x00000000   Number         0  app_lcd_keypage.o ABSOLUTE
    ..\\Src\\APP_PortMonitor.c               0x00000000   Number         0  app_portmonitor.o ABSOLUTE
    ..\\Src\\lcd_spi.c                       0x00000000   Number         0  lcd_spi.o ABSOLUTE
    ..\\Src\\main.c                          0x00000000   Number         0  main.o ABSOLUTE
    ..\\Src\\py32f031_hal_msp.c              0x00000000   Number         0  py32f031_hal_msp.o ABSOLUTE
    ..\\Src\\py32f031_it.c                   0x00000000   Number         0  py32f031_it.o ABSOLUTE
    ..\\Src\\system_py32f031.c               0x00000000   Number         0  system_py32f031.o ABSOLUTE
    ..\\Src\\uart_flash_loader.c             0x00000000   Number         0  uart_flash_loader.o ABSOLUTE
    ..\\Src\\w25qxx.c                        0x00000000   Number         0  w25qxx.o ABSOLUTE
    dc.s                                     0x00000000   Number         0  dc.o ABSOLUTE
    handlers.s                               0x00000000   Number         0  handlers.o ABSOLUTE
    init.s                                   0x00000000   Number         0  init.o ABSOLUTE
    startup_py32f031xx.s                     0x00000000   Number         0  startup_py32f031xx.o ABSOLUTE
    RESET                                    0x08000000   Section      192  startup_py32f031xx.o(RESET)
    .ARM.Collect$$$$00000000                 0x080000c0   Section        0  entry.o(.ARM.Collect$$$$00000000)
    .ARM.Collect$$$$00000001                 0x080000c0   Section        4  entry2.o(.ARM.Collect$$$$00000001)
    .ARM.Collect$$$$00000004                 0x080000c4   Section        4  entry5.o(.ARM.Collect$$$$00000004)
    .ARM.Collect$$$$00000008                 0x080000c8   Section        0  entry7b.o(.ARM.Collect$$$$00000008)
    .ARM.Collect$$$$0000000A                 0x080000c8   Section        0  entry8b.o(.ARM.Collect$$$$0000000A)
    .ARM.Collect$$$$0000000B                 0x080000c8   Section        8  entry9a.o(.ARM.Collect$$$$0000000B)
    .ARM.Collect$$$$0000000E                 0x080000d0   Section        4  entry12b.o(.ARM.Collect$$$$0000000E)
    .ARM.Collect$$$$0000000F                 0x080000d4   Section        0  entry10a.o(.ARM.Collect$$$$0000000F)
    .ARM.Collect$$$$00000011                 0x080000d4   Section        0  entry11a.o(.ARM.Collect$$$$00000011)
    .ARM.Collect$$$$00002712                 0x080000d4   Section        4  entry2.o(.ARM.Collect$$$$00002712)
    __lit__00000000                          0x080000d4   Data           4  entry2.o(.ARM.Collect$$$$00002712)
    .text                                    0x080000d8   Section       28  startup_py32f031xx.o(.text)
    .text                                    0x080000f4   Section        0  uidiv.o(.text)
    .text                                    0x08000120   Section        0  memcpya.o(.text)
    .text                                    0x08000144   Section        0  memseta.o(.text)
    .text                                    0x08000168   Section       36  init.o(.text)
    i.APP_ErrorHandler                       0x0800018c   Section        0  main.o(i.APP_ErrorHandler)
    i.APP_I2C_Init                           0x08000190   Section        0  app_i2c.o(i.APP_I2C_Init)
    i.APP_I2C_SoftReadSCL                    0x08000258   Section        0  app_i2c.o(i.APP_I2C_SoftReadSCL)
    APP_I2C_SoftReadSCL                      0x08000259   Thumb Code    22  app_i2c.o(i.APP_I2C_SoftReadSCL)
    i.APP_I2C_SoftSCLHigh                    0x0800026e   Section        0  app_i2c.o(i.APP_I2C_SoftSCLHigh)
    APP_I2C_SoftSCLHigh                      0x0800026f   Thumb Code    46  app_i2c.o(i.APP_I2C_SoftSCLHigh)
    i.APP_I2C_SoftSDAHigh                    0x0800029c   Section        0  app_i2c.o(i.APP_I2C_SoftSDAHigh)
    APP_I2C_SoftSDAHigh                      0x0800029d   Thumb Code    16  app_i2c.o(i.APP_I2C_SoftSDAHigh)
    i.APP_SPI2_LCD_Init                      0x080002ac   Section        0  main.o(i.APP_SPI2_LCD_Init)
    APP_SPI2_LCD_Init                        0x080002ad   Thumb Code    64  main.o(i.APP_SPI2_LCD_Init)
    i.APP_SystemClockConfig                  0x080002f4   Section        0  main.o(i.APP_SystemClockConfig)
    APP_SystemClockConfig                    0x080002f5   Thumb Code   110  main.o(i.APP_SystemClockConfig)
    i.APP_UART1_Init                         0x08000368   Section        0  main.o(i.APP_UART1_Init)
    APP_UART1_Init                           0x08000369   Thumb Code    56  main.o(i.APP_UART1_Init)
    i.DMA1_Channel2_3_IRQHandler             0x080003a8   Section        0  py32f031_it.o(i.DMA1_Channel2_3_IRQHandler)
    i.HAL_DMA_Abort_IT                       0x080003c0   Section        0  py32f031_hal_dma.o(i.HAL_DMA_Abort_IT)
    i.HAL_DMA_ChannelMap                     0x08000438   Section        0  py32f031_hal_dma.o(i.HAL_DMA_ChannelMap)
    i.HAL_DMA_DeInit                         0x08000494   Section        0  py32f031_hal_dma.o(i.HAL_DMA_DeInit)
    i.HAL_DMA_IRQHandler                     0x08000500   Section        0  py32f031_hal_dma.o(i.HAL_DMA_IRQHandler)
    i.HAL_DMA_Init                           0x08000628   Section        0  py32f031_hal_dma.o(i.HAL_DMA_Init)
    i.HAL_Delay                              0x08000698   Section        0  py32f031_hal.o(i.HAL_Delay)
    i.HAL_GPIO_Init                          0x080006c4   Section        0  py32f031_hal_gpio.o(i.HAL_GPIO_Init)
    i.HAL_GPIO_ReadPin                       0x08000878   Section        0  py32f031_hal_gpio.o(i.HAL_GPIO_ReadPin)
    i.HAL_GPIO_WritePin                      0x0800088a   Section        0  py32f031_hal_gpio.o(i.HAL_GPIO_WritePin)
    i.HAL_GetTick                            0x08000898   Section        0  py32f031_hal.o(i.HAL_GetTick)
    i.HAL_IncTick                            0x080008a4   Section        0  py32f031_hal.o(i.HAL_IncTick)
    i.HAL_Init                               0x080008bc   Section        0  py32f031_hal.o(i.HAL_Init)
    i.HAL_InitTick                           0x080008d8   Section        0  py32f031_hal.o(i.HAL_InitTick)
    i.HAL_MspInit                            0x08000938   Section        0  py32f031_hal_msp.o(i.HAL_MspInit)
    i.HAL_NVIC_ClearPendingIRQ               0x0800097c   Section        0  py32f031_hal_cortex.o(i.HAL_NVIC_ClearPendingIRQ)
    i.HAL_NVIC_DisableIRQ                    0x08000998   Section        0  py32f031_hal_cortex.o(i.HAL_NVIC_DisableIRQ)
    i.HAL_NVIC_EnableIRQ                     0x080009bc   Section        0  py32f031_hal_cortex.o(i.HAL_NVIC_EnableIRQ)
    i.HAL_NVIC_SetPriority                   0x080009e0   Section        0  py32f031_hal_cortex.o(i.HAL_NVIC_SetPriority)
    i.HAL_RCC_ClockConfig                    0x080009f4   Section        0  py32f031_hal_rcc.o(i.HAL_RCC_ClockConfig)
    i.HAL_RCC_GetHCLKFreq                    0x08000bc8   Section        0  py32f031_hal_rcc.o(i.HAL_RCC_GetHCLKFreq)
    i.HAL_RCC_GetPCLK1Freq                   0x08000bd4   Section        0  py32f031_hal_rcc.o(i.HAL_RCC_GetPCLK1Freq)
    i.HAL_RCC_GetSysClockFreq                0x08000bfc   Section        0  py32f031_hal_rcc.o(i.HAL_RCC_GetSysClockFreq)
    i.HAL_RCC_OscConfig                      0x08000cf8   Section        0  py32f031_hal_rcc.o(i.HAL_RCC_OscConfig)
    i.HAL_SPI_Init                           0x080013b0   Section        0  py32f031_hal_spi.o(i.HAL_SPI_Init)
    i.HAL_SPI_MspInit                        0x08001484   Section        0  py32f031_hal_msp.o(i.HAL_SPI_MspInit)
    i.HAL_SPI_Transmit                       0x08001728   Section        0  py32f031_hal_spi.o(i.HAL_SPI_Transmit)
    i.HAL_SPI_TransmitReceive                0x080018ec   Section        0  py32f031_hal_spi.o(i.HAL_SPI_TransmitReceive)
    i.HAL_SYSTICK_Config                     0x08001b18   Section        0  py32f031_hal_cortex.o(i.HAL_SYSTICK_Config)
    i.HAL_UART_ErrorCallback                 0x08001b50   Section        0  py32f031_hal_uart.o(i.HAL_UART_ErrorCallback)
    i.HAL_UART_IRQHandler                    0x08001b54   Section        0  py32f031_hal_uart.o(i.HAL_UART_IRQHandler)
    i.HAL_UART_IdleFrameDetectCpltCallback   0x08001cfc   Section        0  py32f031_hal_uart.o(i.HAL_UART_IdleFrameDetectCpltCallback)
    i.HAL_UART_Init                          0x08001cfe   Section        0  py32f031_hal_uart.o(i.HAL_UART_Init)
    i.HAL_UART_MspInit                       0x08001d88   Section        0  py32f031_hal_msp.o(i.HAL_UART_MspInit)
    i.HAL_UART_Receive                       0x08001e2c   Section        0  py32f031_hal_uart.o(i.HAL_UART_Receive)
    i.HAL_UART_RxCpltCallback                0x08001f10   Section        0  py32f031_hal_uart.o(i.HAL_UART_RxCpltCallback)
    i.HAL_UART_Transmit                      0x08001f12   Section        0  py32f031_hal_uart.o(i.HAL_UART_Transmit)
    i.HAL_UART_TxCpltCallback                0x08002010   Section        0  py32f031_hal_uart.o(i.HAL_UART_TxCpltCallback)
    i.HardFault_Handler                      0x08002012   Section        0  py32f031_it.o(i.HardFault_Handler)
    i.NMI_Handler                            0x08002016   Section        0  py32f031_it.o(i.NMI_Handler)
    i.PendSV_Handler                         0x08002018   Section        0  py32f031_it.o(i.PendSV_Handler)
    i.RCC_GetHSIFreq                         0x0800201c   Section        0  py32f031_hal_rcc.o(i.RCC_GetHSIFreq)
    RCC_GetHSIFreq                           0x0800201d   Thumb Code    20  py32f031_hal_rcc.o(i.RCC_GetHSIFreq)
    i.SPI_EndRxTxTransaction                 0x08002038   Section        0  py32f031_hal_spi.o(i.SPI_EndRxTxTransaction)
    SPI_EndRxTxTransaction                   0x08002039   Thumb Code   106  py32f031_hal_spi.o(i.SPI_EndRxTxTransaction)
    i.SPI_WaitFifoStateUntilTimeout          0x080020a4   Section        0  py32f031_hal_spi.o(i.SPI_WaitFifoStateUntilTimeout)
    SPI_WaitFifoStateUntilTimeout            0x080020a5   Thumb Code   246  py32f031_hal_spi.o(i.SPI_WaitFifoStateUntilTimeout)
    i.SPI_WaitFlagStateUntilTimeout          0x080021a0   Section        0  py32f031_hal_spi.o(i.SPI_WaitFlagStateUntilTimeout)
    SPI_WaitFlagStateUntilTimeout            0x080021a1   Thumb Code   214  py32f031_hal_spi.o(i.SPI_WaitFlagStateUntilTimeout)
    i.ST7789_Address_Set                     0x0800227c   Section        0  lcd_spi.o(i.ST7789_Address_Set)
    i.ST7789_Init                            0x080022b2   Section        0  lcd_spi.o(i.ST7789_Init)
    i.ST7789_SendByte                        0x0800248c   Section        0  lcd_spi.o(i.ST7789_SendByte)
    i.ST7789_SendHalfWord                    0x080024dc   Section        0  lcd_spi.o(i.ST7789_SendHalfWord)
    i.ST7789_SendMultiByte                   0x080024f0   Section        0  lcd_spi.o(i.ST7789_SendMultiByte)
    i.ST7789_SetFullWindow                   0x0800253c   Section        0  lcd_spi.o(i.ST7789_SetFullWindow)
    i.ST7789_WriteCommand                    0x0800254c   Section        0  lcd_spi.o(i.ST7789_WriteCommand)
    ST7789_WriteCommand                      0x0800254d   Thumb Code    14  lcd_spi.o(i.ST7789_WriteCommand)
    i.ST7789_WriteData                       0x0800255a   Section        0  lcd_spi.o(i.ST7789_WriteData)
    ST7789_WriteData                         0x0800255b   Thumb Code    14  lcd_spi.o(i.ST7789_WriteData)
    i.SVC_Handler                            0x08002568   Section        0  py32f031_it.o(i.SVC_Handler)
    i.SysTick_Handler                        0x0800256a   Section        0  py32f031_it.o(i.SysTick_Handler)
    i.SystemInit                             0x08002574   Section        0  system_py32f031.o(i.SystemInit)
    i.UART_AdvFeatureConfig                  0x080025c0   Section        0  py32f031_hal_uart.o(i.UART_AdvFeatureConfig)
    UART_AdvFeatureConfig                    0x080025c1   Thumb Code    56  py32f031_hal_uart.o(i.UART_AdvFeatureConfig)
    i.UART_DMAAbortOnError                   0x080025f8   Section        0  py32f031_hal_uart.o(i.UART_DMAAbortOnError)
    UART_DMAAbortOnError                     0x080025f9   Thumb Code    20  py32f031_hal_uart.o(i.UART_DMAAbortOnError)
    i.UART_EndRxTransfer                     0x0800260c   Section        0  py32f031_hal_uart.o(i.UART_EndRxTransfer)
    UART_EndRxTransfer                       0x0800260d   Thumb Code    34  py32f031_hal_uart.o(i.UART_EndRxTransfer)
    i.UART_EndTransmit_IT                    0x0800262e   Section        0  py32f031_hal_uart.o(i.UART_EndTransmit_IT)
    UART_EndTransmit_IT                      0x0800262f   Thumb Code    32  py32f031_hal_uart.o(i.UART_EndTransmit_IT)
    i.UART_Receive_IT                        0x0800264e   Section        0  py32f031_hal_uart.o(i.UART_Receive_IT)
    UART_Receive_IT                          0x0800264f   Thumb Code   136  py32f031_hal_uart.o(i.UART_Receive_IT)
    i.UART_SetConfig                         0x080026d8   Section        0  py32f031_hal_uart.o(i.UART_SetConfig)
    UART_SetConfig                           0x080026d9   Thumb Code   414  py32f031_hal_uart.o(i.UART_SetConfig)
    i.UART_Transmit_IT                       0x0800287c   Section        0  py32f031_hal_uart.o(i.UART_Transmit_IT)
    UART_Transmit_IT                         0x0800287d   Thumb Code   114  py32f031_hal_uart.o(i.UART_Transmit_IT)
    i.UART_WaitOnFlagUntilTimeout            0x080028ee   Section        0  py32f031_hal_uart.o(i.UART_WaitOnFlagUntilTimeout)
    UART_WaitOnFlagUntilTimeout              0x080028ef   Thumb Code   112  py32f031_hal_uart.o(i.UART_WaitOnFlagUntilTimeout)
    i.USART1_IRQHandler                      0x08002960   Section        0  py32f031_it.o(i.USART1_IRQHandler)
    i.UartFlashChecksumAdd                   0x08002970   Section        0  uart_flash_loader.o(i.UartFlashChecksumAdd)
    UartFlashChecksumAdd                     0x08002971   Thumb Code     8  uart_flash_loader.o(i.UartFlashChecksumAdd)
    i.UartFlashClearRxFlags                  0x08002978   Section        0  uart_flash_loader.o(i.UartFlashClearRxFlags)
    UartFlashClearRxFlags                    0x08002979   Thumb Code    30  uart_flash_loader.o(i.UartFlashClearRxFlags)
    i.UartFlashLoadBe32                      0x0800299c   Section        0  uart_flash_loader.o(i.UartFlashLoadBe32)
    UartFlashLoadBe32                        0x0800299d   Thumb Code    28  uart_flash_loader.o(i.UartFlashLoadBe32)
    i.UartFlashLoader_DisableRxIrqAndFlush   0x080029b8   Section        0  uart_flash_loader.o(i.UartFlashLoader_DisableRxIrqAndFlush)
    i.UartFlashLoader_Run                    0x08002a18   Section        0  uart_flash_loader.o(i.UartFlashLoader_Run)
    i.UartFlashReadByte                      0x08002b30   Section        0  uart_flash_loader.o(i.UartFlashReadByte)
    UartFlashReadByte                        0x08002b31   Thumb Code    34  uart_flash_loader.o(i.UartFlashReadByte)
    i.UartFlashReadFrame                     0x08002b58   Section        0  uart_flash_loader.o(i.UartFlashReadFrame)
    UartFlashReadFrame                       0x08002b59   Thumb Code   366  uart_flash_loader.o(i.UartFlashReadFrame)
    i.UartFlashSendAck                       0x08002cd8   Section        0  uart_flash_loader.o(i.UartFlashSendAck)
    UartFlashSendAck                         0x08002cd9   Thumb Code   126  uart_flash_loader.o(i.UartFlashSendAck)
    i.UartFlashSendAckFail                   0x08002d58   Section        0  uart_flash_loader.o(i.UartFlashSendAckFail)
    UartFlashSendAckFail                     0x08002d59   Thumb Code    50  uart_flash_loader.o(i.UartFlashSendAckFail)
    i.UartFlashSendAckSuccess                0x08002d94   Section        0  uart_flash_loader.o(i.UartFlashSendAckSuccess)
    UartFlashSendAckSuccess                  0x08002d95   Thumb Code    14  uart_flash_loader.o(i.UartFlashSendAckSuccess)
    i.UartFlashSendByte                      0x08002da4   Section        0  uart_flash_loader.o(i.UartFlashSendByte)
    UartFlashSendByte                        0x08002da5   Thumb Code    18  uart_flash_loader.o(i.UartFlashSendByte)
    i.UartFlashSendFinalAddr                 0x08002dbc   Section        0  uart_flash_loader.o(i.UartFlashSendFinalAddr)
    UartFlashSendFinalAddr                   0x08002dbd   Thumb Code    40  uart_flash_loader.o(i.UartFlashSendFinalAddr)
    i.W25QXX_CalcFlashSizeFromJEDEC          0x08002de4   Section        0  w25qxx.o(i.W25QXX_CalcFlashSizeFromJEDEC)
    W25QXX_CalcFlashSizeFromJEDEC            0x08002de5   Thumb Code    34  w25qxx.o(i.W25QXX_CalcFlashSizeFromJEDEC)
    i.W25QXX_Erase_Sector                    0x08002e08   Section        0  w25qxx.o(i.W25QXX_Erase_Sector)
    i.W25QXX_Init                            0x08002e5c   Section        0  w25qxx.o(i.W25QXX_Init)
    i.W25QXX_ReadID                          0x08002ed0   Section        0  w25qxx.o(i.W25QXX_ReadID)
    i.W25QXX_ReadJEDECID                     0x08002f18   Section        0  w25qxx.o(i.W25QXX_ReadJEDECID)
    i.W25QXX_ReadSR                          0x08002f6c   Section        0  w25qxx.o(i.W25QXX_ReadSR)
    i.W25QXX_SPI_ReadWriteByte               0x08002f9c   Section        0  w25qxx.o(i.W25QXX_SPI_ReadWriteByte)
    W25QXX_SPI_ReadWriteByte                 0x08002f9d   Thumb Code    26  w25qxx.o(i.W25QXX_SPI_ReadWriteByte)
    i.W25QXX_Wait_Busy                       0x08002fbc   Section        0  w25qxx.o(i.W25QXX_Wait_Busy)
    i.W25QXX_Write_Enable                    0x08002fd0   Section        0  w25qxx.o(i.W25QXX_Write_Enable)
    i.W25QXX_Write_NoCheck                   0x08002ff4   Section        0  w25qxx.o(i.W25QXX_Write_NoCheck)
    i.W25QXX_Write_Page                      0x08003040   Section        0  w25qxx.o(i.W25QXX_Write_Page)
    i.__NVIC_SetPriority                     0x080030a0   Section        0  py32f031_hal_cortex.o(i.__NVIC_SetPriority)
    __NVIC_SetPriority                       0x080030a1   Thumb Code   110  py32f031_hal_cortex.o(i.__NVIC_SetPriority)
    i.__scatterload_copy                     0x08003118   Section       14  handlers.o(i.__scatterload_copy)
    i.__scatterload_null                     0x08003126   Section        2  handlers.o(i.__scatterload_null)
    i.__scatterload_zeroinit                 0x08003128   Section       14  handlers.o(i.__scatterload_zeroinit)
    i.main                                   0x08003136   Section        0  main.o(i.main)
    .constdata                               0x0800315c   Section      128  system_py32f031.o(.constdata)
    .constdata                               0x080031dc   Section       48  app_i2c.o(.constdata)
    sAPP_I2CSoftPorts                        0x080031dc   Data          48  app_i2c.o(.constdata)
    .constdata                               0x0800320c   Section       52  py32f031_hal_rcc.o(.constdata)
    .data                                    0x20000000   Section        4  system_py32f031.o(.data)
    .data                                    0x20000004   Section        8  w25qxx.o(.data)
    .data                                    0x2000000c   Section        4  uart_flash_loader.o(.data)
    uart_flash_fail_code                     0x2000000c   Data           1  uart_flash_loader.o(.data)
    uart_flash_fail_detail                   0x2000000e   Data           2  uart_flash_loader.o(.data)
    .data                                    0x20000010   Section       12  py32f031_hal.o(.data)
    .bss                                     0x2000001c   Section      164  main.o(.bss)
    .bss                                     0x200000c0   Section      224  w25qxx.o(.bss)
    .bss                                     0x200001a0   Section     4096  uart_flash_loader.o(.bss)
    uart_flash_rx_buf                        0x200001a0   Data        4096  uart_flash_loader.o(.bss)
    STACK                                    0x200011a0   Section     1024  startup_py32f031xx.o(STACK)

    Global Symbols

    Symbol Name                              Value     Ov Type        Size  Object(Section)

    BuildAttributes$$THM_ISAv3M$S$PE$A:L22$X:L11$S22$IEEE1$IW$USESV6$~STKCKD$USESV7$~SHL$OSPACE$EBA8$MICROLIB$REQ8$PRES8$EABIv2 0x00000000   Number         0  anon$$obj.o ABSOLUTE
    __ARM_use_no_argv                        0x00000000   Number         0  main.o ABSOLUTE
    __arm_fini_                               - Undefined Weak Reference
    __cpp_initialize__aeabi_                  - Undefined Weak Reference
    __cxa_finalize                            - Undefined Weak Reference
    __decompress                              - Undefined Weak Reference
    _clock_init                               - Undefined Weak Reference
    _microlib_exit                            - Undefined Weak Reference
    __Vectors_Size                           0x000000c0   Number         0  startup_py32f031xx.o ABSOLUTE
    __Vectors                                0x08000000   Data           4  startup_py32f031xx.o(RESET)
    __Vectors_End                            0x080000c0   Data           0  startup_py32f031xx.o(RESET)
    __main                                   0x080000c1   Thumb Code     0  entry.o(.ARM.Collect$$$$00000000)
    _main_stk                                0x080000c1   Thumb Code     0  entry2.o(.ARM.Collect$$$$00000001)
    _main_scatterload                        0x080000c5   Thumb Code     0  entry5.o(.ARM.Collect$$$$00000004)
    __main_after_scatterload                 0x080000c9   Thumb Code     0  entry5.o(.ARM.Collect$$$$00000004)
    _main_clock                              0x080000c9   Thumb Code     0  entry7b.o(.ARM.Collect$$$$00000008)
    _main_cpp_init                           0x080000c9   Thumb Code     0  entry8b.o(.ARM.Collect$$$$0000000A)
    _main_init                               0x080000c9   Thumb Code     0  entry9a.o(.ARM.Collect$$$$0000000B)
    __rt_lib_shutdown_fini                   0x080000d1   Thumb Code     0  entry12b.o(.ARM.Collect$$$$0000000E)
    __rt_final_cpp                           0x080000d5   Thumb Code     0  entry10a.o(.ARM.Collect$$$$0000000F)
    __rt_final_exit                          0x080000d5   Thumb Code     0  entry11a.o(.ARM.Collect$$$$00000011)
    Reset_Handler                            0x080000d9   Thumb Code     8  startup_py32f031xx.o(.text)
    ADC_COMP_IRQHandler                      0x080000eb   Thumb Code     0  startup_py32f031xx.o(.text)
    CORDIC_IRQHandler                        0x080000eb   Thumb Code     0  startup_py32f031xx.o(.text)
    DMA1_Channel1_IRQHandler                 0x080000eb   Thumb Code     0  startup_py32f031xx.o(.text)
    EXTI0_1_IRQHandler                       0x080000eb   Thumb Code     0  startup_py32f031xx.o(.text)
    EXTI2_3_IRQHandler                       0x080000eb   Thumb Code     0  startup_py32f031xx.o(.text)
    EXTI4_15_IRQHandler                      0x080000eb   Thumb Code     0  startup_py32f031xx.o(.text)
    FLASH_IRQHandler                         0x080000eb   Thumb Code     0  startup_py32f031xx.o(.text)
    I2C1_IRQHandler                          0x080000eb   Thumb Code     0  startup_py32f031xx.o(.text)
    I2C2_IRQHandler                          0x080000eb   Thumb Code     0  startup_py32f031xx.o(.text)
    LCD_IRQHandler                           0x080000eb   Thumb Code     0  startup_py32f031xx.o(.text)
    LPTIM1_IRQHandler                        0x080000eb   Thumb Code     0  startup_py32f031xx.o(.text)
    PVD_IRQHandler                           0x080000eb   Thumb Code     0  startup_py32f031xx.o(.text)
    RCC_IRQHandler                           0x080000eb   Thumb Code     0  startup_py32f031xx.o(.text)
    RTC_IRQHandler                           0x080000eb   Thumb Code     0  startup_py32f031xx.o(.text)
    SPI1_IRQHandler                          0x080000eb   Thumb Code     0  startup_py32f031xx.o(.text)
    SPI2_IRQHandler                          0x080000eb   Thumb Code     0  startup_py32f031xx.o(.text)
    SQRT_IRQHandler                          0x080000eb   Thumb Code     0  startup_py32f031xx.o(.text)
    TIM14_IRQHandler                         0x080000eb   Thumb Code     0  startup_py32f031xx.o(.text)
    TIM16_IRQHandler                         0x080000eb   Thumb Code     0  startup_py32f031xx.o(.text)
    TIM17_IRQHandler                         0x080000eb   Thumb Code     0  startup_py32f031xx.o(.text)
    TIM1_BRK_UP_TRG_COM_IRQHandler           0x080000eb   Thumb Code     0  startup_py32f031xx.o(.text)
    TIM1_CC_IRQHandler                       0x080000eb   Thumb Code     0  startup_py32f031xx.o(.text)
    TIM2_IRQHandler                          0x080000eb   Thumb Code     0  startup_py32f031xx.o(.text)
    USART2_IRQHandler                        0x080000eb   Thumb Code     0  startup_py32f031xx.o(.text)
    USART3_IRQHandler                        0x080000eb   Thumb Code     0  startup_py32f031xx.o(.text)
    WWDG_IRQHandler                          0x080000eb   Thumb Code     0  startup_py32f031xx.o(.text)
    __aeabi_uidiv                            0x080000f5   Thumb Code     0  uidiv.o(.text)
    __aeabi_uidivmod                         0x080000f5   Thumb Code    44  uidiv.o(.text)
    __aeabi_memcpy                           0x08000121   Thumb Code    36  memcpya.o(.text)
    __aeabi_memcpy4                          0x08000121   Thumb Code     0  memcpya.o(.text)
    __aeabi_memcpy8                          0x08000121   Thumb Code     0  memcpya.o(.text)
    __aeabi_memset                           0x08000145   Thumb Code    14  memseta.o(.text)
    __aeabi_memset4                          0x08000145   Thumb Code     0  memseta.o(.text)
    __aeabi_memset8                          0x08000145   Thumb Code     0  memseta.o(.text)
    __aeabi_memclr                           0x08000153   Thumb Code     4  memseta.o(.text)
    __aeabi_memclr4                          0x08000153   Thumb Code     0  memseta.o(.text)
    __aeabi_memclr8                          0x08000153   Thumb Code     0  memseta.o(.text)
    _memset$wrapper                          0x08000157   Thumb Code    18  memseta.o(.text)
    __scatterload                            0x08000169   Thumb Code    28  init.o(.text)
    __scatterload_rt2                        0x08000169   Thumb Code     0  init.o(.text)
    APP_ErrorHandler                         0x0800018d   Thumb Code     4  main.o(i.APP_ErrorHandler)
    APP_I2C_Init                             0x08000191   Thumb Code   190  app_i2c.o(i.APP_I2C_Init)
    DMA1_Channel2_3_IRQHandler               0x080003a9   Thumb Code    16  py32f031_it.o(i.DMA1_Channel2_3_IRQHandler)
    HAL_DMA_Abort_IT                         0x080003c1   Thumb Code   114  py32f031_hal_dma.o(i.HAL_DMA_Abort_IT)
    HAL_DMA_ChannelMap                       0x08000439   Thumb Code    80  py32f031_hal_dma.o(i.HAL_DMA_ChannelMap)
    HAL_DMA_DeInit                           0x08000495   Thumb Code   104  py32f031_hal_dma.o(i.HAL_DMA_DeInit)
    HAL_DMA_IRQHandler                       0x08000501   Thumb Code   292  py32f031_hal_dma.o(i.HAL_DMA_IRQHandler)
    HAL_DMA_Init                             0x08000629   Thumb Code   102  py32f031_hal_dma.o(i.HAL_DMA_Init)
    HAL_Delay                                0x08000699   Thumb Code    38  py32f031_hal.o(i.HAL_Delay)
    HAL_GPIO_Init                            0x080006c5   Thumb Code   428  py32f031_hal_gpio.o(i.HAL_GPIO_Init)
    HAL_GPIO_ReadPin                         0x08000879   Thumb Code    18  py32f031_hal_gpio.o(i.HAL_GPIO_ReadPin)
    HAL_GPIO_WritePin                        0x0800088b   Thumb Code    12  py32f031_hal_gpio.o(i.HAL_GPIO_WritePin)
    HAL_GetTick                              0x08000899   Thumb Code     6  py32f031_hal.o(i.HAL_GetTick)
    HAL_IncTick                              0x080008a5   Thumb Code    16  py32f031_hal.o(i.HAL_IncTick)
    HAL_Init                                 0x080008bd   Thumb Code    26  py32f031_hal.o(i.HAL_Init)
    HAL_InitTick                             0x080008d9   Thumb Code    82  py32f031_hal.o(i.HAL_InitTick)
    HAL_MspInit                              0x08000939   Thumb Code    64  py32f031_hal_msp.o(i.HAL_MspInit)
    HAL_NVIC_ClearPendingIRQ                 0x0800097d   Thumb Code    22  py32f031_hal_cortex.o(i.HAL_NVIC_ClearPendingIRQ)
    HAL_NVIC_DisableIRQ                      0x08000999   Thumb Code    30  py32f031_hal_cortex.o(i.HAL_NVIC_DisableIRQ)
    HAL_NVIC_EnableIRQ                       0x080009bd   Thumb Code    30  py32f031_hal_cortex.o(i.HAL_NVIC_EnableIRQ)
    HAL_NVIC_SetPriority                     0x080009e1   Thumb Code    18  py32f031_hal_cortex.o(i.HAL_NVIC_SetPriority)
    HAL_RCC_ClockConfig                      0x080009f5   Thumb Code   442  py32f031_hal_rcc.o(i.HAL_RCC_ClockConfig)
    HAL_RCC_GetHCLKFreq                      0x08000bc9   Thumb Code     6  py32f031_hal_rcc.o(i.HAL_RCC_GetHCLKFreq)
    HAL_RCC_GetPCLK1Freq                     0x08000bd5   Thumb Code    32  py32f031_hal_rcc.o(i.HAL_RCC_GetPCLK1Freq)
    HAL_RCC_GetSysClockFreq                  0x08000bfd   Thumb Code   238  py32f031_hal_rcc.o(i.HAL_RCC_GetSysClockFreq)
    HAL_RCC_OscConfig                        0x08000cf9   Thumb Code  1702  py32f031_hal_rcc.o(i.HAL_RCC_OscConfig)
    HAL_SPI_Init                             0x080013b1   Thumb Code   210  py32f031_hal_spi.o(i.HAL_SPI_Init)
    HAL_SPI_MspInit                          0x08001485   Thumb Code   648  py32f031_hal_msp.o(i.HAL_SPI_MspInit)
    HAL_SPI_Transmit                         0x08001729   Thumb Code   452  py32f031_hal_spi.o(i.HAL_SPI_Transmit)
    HAL_SPI_TransmitReceive                  0x080018ed   Thumb Code   554  py32f031_hal_spi.o(i.HAL_SPI_TransmitReceive)
    HAL_SYSTICK_Config                       0x08001b19   Thumb Code    46  py32f031_hal_cortex.o(i.HAL_SYSTICK_Config)
    HAL_UART_ErrorCallback                   0x08001b51   Thumb Code     2  py32f031_hal_uart.o(i.HAL_UART_ErrorCallback)
    HAL_UART_IRQHandler                      0x08001b55   Thumb Code   420  py32f031_hal_uart.o(i.HAL_UART_IRQHandler)
    HAL_UART_IdleFrameDetectCpltCallback     0x08001cfd   Thumb Code     2  py32f031_hal_uart.o(i.HAL_UART_IdleFrameDetectCpltCallback)
    HAL_UART_Init                            0x08001cff   Thumb Code   138  py32f031_hal_uart.o(i.HAL_UART_Init)
    HAL_UART_MspInit                         0x08001d89   Thumb Code   152  py32f031_hal_msp.o(i.HAL_UART_MspInit)
    HAL_UART_Receive                         0x08001e2d   Thumb Code   228  py32f031_hal_uart.o(i.HAL_UART_Receive)
    HAL_UART_RxCpltCallback                  0x08001f11   Thumb Code     2  py32f031_hal_uart.o(i.HAL_UART_RxCpltCallback)
    HAL_UART_Transmit                        0x08001f13   Thumb Code   254  py32f031_hal_uart.o(i.HAL_UART_Transmit)
    HAL_UART_TxCpltCallback                  0x08002011   Thumb Code     2  py32f031_hal_uart.o(i.HAL_UART_TxCpltCallback)
    HardFault_Handler                        0x08002013   Thumb Code     4  py32f031_it.o(i.HardFault_Handler)
    NMI_Handler                              0x08002017   Thumb Code     2  py32f031_it.o(i.NMI_Handler)
    PendSV_Handler                           0x08002019   Thumb Code     2  py32f031_it.o(i.PendSV_Handler)
    ST7789_Address_Set                       0x0800227d   Thumb Code    54  lcd_spi.o(i.ST7789_Address_Set)
    ST7789_Init                              0x080022b3   Thumb Code   474  lcd_spi.o(i.ST7789_Init)
    ST7789_SendByte                          0x0800248d   Thumb Code    76  lcd_spi.o(i.ST7789_SendByte)
    ST7789_SendHalfWord                      0x080024dd   Thumb Code    20  lcd_spi.o(i.ST7789_SendHalfWord)
    ST7789_SendMultiByte                     0x080024f1   Thumb Code    72  lcd_spi.o(i.ST7789_SendMultiByte)
    ST7789_SetFullWindow                     0x0800253d   Thumb Code    16  lcd_spi.o(i.ST7789_SetFullWindow)
    SVC_Handler                              0x08002569   Thumb Code     2  py32f031_it.o(i.SVC_Handler)
    SysTick_Handler                          0x0800256b   Thumb Code     8  py32f031_it.o(i.SysTick_Handler)
    SystemInit                               0x08002575   Thumb Code    58  system_py32f031.o(i.SystemInit)
    USART1_IRQHandler                        0x08002961   Thumb Code    10  py32f031_it.o(i.USART1_IRQHandler)
    UartFlashLoader_DisableRxIrqAndFlush     0x080029b9   Thumb Code    92  uart_flash_loader.o(i.UartFlashLoader_DisableRxIrqAndFlush)
    UartFlashLoader_Run                      0x08002a19   Thumb Code   264  uart_flash_loader.o(i.UartFlashLoader_Run)
    W25QXX_Erase_Sector                      0x08002e09   Thumb Code    76  w25qxx.o(i.W25QXX_Erase_Sector)
    W25QXX_Init                              0x08002e5d   Thumb Code    96  w25qxx.o(i.W25QXX_Init)
    W25QXX_ReadID                            0x08002ed1   Thumb Code    68  w25qxx.o(i.W25QXX_ReadID)
    W25QXX_ReadJEDECID                       0x08002f19   Thumb Code    70  w25qxx.o(i.W25QXX_ReadJEDECID)
    W25QXX_ReadSR                            0x08002f6d   Thumb Code    42  w25qxx.o(i.W25QXX_ReadSR)
    W25QXX_Wait_Busy                         0x08002fbd   Thumb Code    18  w25qxx.o(i.W25QXX_Wait_Busy)
    W25QXX_Write_Enable                      0x08002fd1   Thumb Code    30  w25qxx.o(i.W25QXX_Write_Enable)
    W25QXX_Write_NoCheck                     0x08002ff5   Thumb Code    76  w25qxx.o(i.W25QXX_Write_NoCheck)
    W25QXX_Write_Page                        0x08003041   Thumb Code    86  w25qxx.o(i.W25QXX_Write_Page)
    __scatterload_copy                       0x08003119   Thumb Code    14  handlers.o(i.__scatterload_copy)
    __scatterload_null                       0x08003127   Thumb Code     2  handlers.o(i.__scatterload_null)
    __scatterload_zeroinit                   0x08003129   Thumb Code    14  handlers.o(i.__scatterload_zeroinit)
    main                                     0x08003137   Thumb Code    36  main.o(i.main)
    AHBPrescTable                            0x0800315c   Data          64  system_py32f031.o(.constdata)
    APBPrescTable                            0x0800319c   Data          32  system_py32f031.o(.constdata)
    HSIFreqTable                             0x080031bc   Data          32  system_py32f031.o(.constdata)
    Region$$Table$$Base                      0x08003240   Number         0  anon$$obj.o(Region$$Table)
    Region$$Table$$Limit                     0x08003260   Number         0  anon$$obj.o(Region$$Table)
    SystemCoreClock                          0x20000000   Data           4  system_py32f031.o(.data)
    W25QXX_TYPE                              0x20000004   Data           2  w25qxx.o(.data)
    W25QXX_FlashSizeBytes                    0x20000008   Data           4  w25qxx.o(.data)
    uwTick                                   0x20000010   Data           4  py32f031_hal.o(.data)
    uwTickPrio                               0x20000014   Data           4  py32f031_hal.o(.data)
    uwTickFreq                               0x20000018   Data           4  py32f031_hal.o(.data)
    huart1                                   0x2000001c   Data          76  main.o(.bss)
    hspi2                                    0x20000068   Data          88  main.o(.bss)
    hspi1                                    0x200000c0   Data          88  w25qxx.o(.bss)
    HdmaCh2                                  0x20000118   Data          68  w25qxx.o(.bss)
    HdmaCh3                                  0x2000015c   Data          68  w25qxx.o(.bss)
    __initial_sp                             0x200015a0   Data           0  startup_py32f031xx.o(STACK)



==============================================================================

Memory Map of the image

  Image Entry point : 0x080000c1

  Load Region LR_IROM1 (Base: 0x08000000, Size: 0x0000327c, Max: 0x00010000, ABSOLUTE)

    Execution Region ER_IROM1 (Exec base: 0x08000000, Load base: 0x08000000, Size: 0x00003260, Max: 0x00010000, ABSOLUTE)

    Exec Addr    Load Addr    Size         Type   Attr      Idx    E Section Name        Object

    0x08000000   0x08000000   0x000000c0   Data   RO            3    RESET               startup_py32f031xx.o
    0x080000c0   0x080000c0   0x00000000   Code   RO         3014  * .ARM.Collect$$$$00000000  mc_p.l(entry.o)
    0x080000c0   0x080000c0   0x00000004   Code   RO         3025    .ARM.Collect$$$$00000001  mc_p.l(entry2.o)
    0x080000c4   0x080000c4   0x00000004   Code   RO         3028    .ARM.Collect$$$$00000004  mc_p.l(entry5.o)
    0x080000c8   0x080000c8   0x00000000   Code   RO         3030    .ARM.Collect$$$$00000008  mc_p.l(entry7b.o)
    0x080000c8   0x080000c8   0x00000000   Code   RO         3032    .ARM.Collect$$$$0000000A  mc_p.l(entry8b.o)
    0x080000c8   0x080000c8   0x00000008   Code   RO         3033    .ARM.Collect$$$$0000000B  mc_p.l(entry9a.o)
    0x080000d0   0x080000d0   0x00000004   Code   RO         3040    .ARM.Collect$$$$0000000E  mc_p.l(entry12b.o)
    0x080000d4   0x080000d4   0x00000000   Code   RO         3035    .ARM.Collect$$$$0000000F  mc_p.l(entry10a.o)
    0x080000d4   0x080000d4   0x00000000   Code   RO         3037    .ARM.Collect$$$$00000011  mc_p.l(entry11a.o)
    0x080000d4   0x080000d4   0x00000004   Code   RO         3026    .ARM.Collect$$$$00002712  mc_p.l(entry2.o)
    0x080000d8   0x080000d8   0x0000001c   Code   RO            4    .text               startup_py32f031xx.o
    0x080000f4   0x080000f4   0x0000002c   Code   RO         3017    .text               mc_p.l(uidiv.o)
    0x08000120   0x08000120   0x00000024   Code   RO         3019    .text               mc_p.l(memcpya.o)
    0x08000144   0x08000144   0x00000024   Code   RO         3021    .text               mc_p.l(memseta.o)
    0x08000168   0x08000168   0x00000024   Code   RO         3041    .text               mc_p.l(init.o)
    0x0800018c   0x0800018c   0x00000004   Code   RO          118    i.APP_ErrorHandler  main.o
    0x08000190   0x08000190   0x000000c8   Code   RO          189    i.APP_I2C_Init      app_i2c.o
    0x08000258   0x08000258   0x00000016   Code   RO          195    i.APP_I2C_SoftReadSCL  app_i2c.o
    0x0800026e   0x0800026e   0x0000002e   Code   RO          197    i.APP_I2C_SoftSCLHigh  app_i2c.o
    0x0800029c   0x0800029c   0x00000010   Code   RO          199    i.APP_I2C_SoftSDAHigh  app_i2c.o
    0x080002ac   0x080002ac   0x00000048   Code   RO          119    i.APP_SPI2_LCD_Init  main.o
    0x080002f4   0x080002f4   0x00000074   Code   RO          120    i.APP_SystemClockConfig  main.o
    0x08000368   0x08000368   0x00000040   Code   RO          121    i.APP_UART1_Init    main.o
    0x080003a8   0x080003a8   0x00000018   Code   RO          585    i.DMA1_Channel2_3_IRQHandler  py32f031_it.o
    0x080003c0   0x080003c0   0x00000078   Code   RO         1476    i.HAL_DMA_Abort_IT  py32f031_hal_dma.o
    0x08000438   0x08000438   0x0000005c   Code   RO         1477    i.HAL_DMA_ChannelMap  py32f031_hal_dma.o
    0x08000494   0x08000494   0x0000006c   Code   RO         1478    i.HAL_DMA_DeInit    py32f031_hal_dma.o
    0x08000500   0x08000500   0x00000128   Code   RO         1481    i.HAL_DMA_IRQHandler  py32f031_hal_dma.o
    0x08000628   0x08000628   0x00000070   Code   RO         1482    i.HAL_DMA_Init      py32f031_hal_dma.o
    0x08000698   0x08000698   0x0000002c   Code   RO         1089    i.HAL_Delay         py32f031_hal.o
    0x080006c4   0x080006c4   0x000001b4   Code   RO         2066    i.HAL_GPIO_Init     py32f031_hal_gpio.o
    0x08000878   0x08000878   0x00000012   Code   RO         2068    i.HAL_GPIO_ReadPin  py32f031_hal_gpio.o
    0x0800088a   0x0800088a   0x0000000c   Code   RO         2070    i.HAL_GPIO_WritePin  py32f031_hal_gpio.o
    0x08000896   0x08000896   0x00000002   PAD
    0x08000898   0x08000898   0x0000000c   Code   RO         1092    i.HAL_GetTick       py32f031_hal.o
    0x080008a4   0x080008a4   0x00000018   Code   RO         1098    i.HAL_IncTick       py32f031_hal.o
    0x080008bc   0x080008bc   0x0000001a   Code   RO         1099    i.HAL_Init          py32f031_hal.o
    0x080008d6   0x080008d6   0x00000002   PAD
    0x080008d8   0x080008d8   0x00000060   Code   RO         1100    i.HAL_InitTick      py32f031_hal.o
    0x08000938   0x08000938   0x00000044   Code   RO          553    i.HAL_MspInit       py32f031_hal_msp.o
    0x0800097c   0x0800097c   0x0000001c   Code   RO         1380    i.HAL_NVIC_ClearPendingIRQ  py32f031_hal_cortex.o
    0x08000998   0x08000998   0x00000024   Code   RO         1381    i.HAL_NVIC_DisableIRQ  py32f031_hal_cortex.o
    0x080009bc   0x080009bc   0x00000024   Code   RO         1382    i.HAL_NVIC_EnableIRQ  py32f031_hal_cortex.o
    0x080009e0   0x080009e0   0x00000012   Code   RO         1386    i.HAL_NVIC_SetPriority  py32f031_hal_cortex.o
    0x080009f2   0x080009f2   0x00000002   PAD
    0x080009f4   0x080009f4   0x000001d4   Code   RO         1572    i.HAL_RCC_ClockConfig  py32f031_hal_rcc.o
    0x08000bc8   0x08000bc8   0x0000000c   Code   RO         1578    i.HAL_RCC_GetHCLKFreq  py32f031_hal_rcc.o
    0x08000bd4   0x08000bd4   0x00000028   Code   RO         1580    i.HAL_RCC_GetPCLK1Freq  py32f031_hal_rcc.o
    0x08000bfc   0x08000bfc   0x000000fc   Code   RO         1581    i.HAL_RCC_GetSysClockFreq  py32f031_hal_rcc.o
    0x08000cf8   0x08000cf8   0x000006b8   Code   RO         1585    i.HAL_RCC_OscConfig  py32f031_hal_rcc.o
    0x080013b0   0x080013b0   0x000000d2   Code   RO         2240    i.HAL_SPI_Init      py32f031_hal_spi.o
    0x08001482   0x08001482   0x00000002   PAD
    0x08001484   0x08001484   0x000002a4   Code   RO          554    i.HAL_SPI_MspInit   py32f031_hal_msp.o
    0x08001728   0x08001728   0x000001c4   Code   RO         2248    i.HAL_SPI_Transmit  py32f031_hal_spi.o
    0x080018ec   0x080018ec   0x0000022a   Code   RO         2249    i.HAL_SPI_TransmitReceive  py32f031_hal_spi.o
    0x08001b16   0x08001b16   0x00000002   PAD
    0x08001b18   0x08001b18   0x00000038   Code   RO         1390    i.HAL_SYSTICK_Config  py32f031_hal_cortex.o
    0x08001b50   0x08001b50   0x00000002   Code   RO         1746    i.HAL_UART_ErrorCallback  py32f031_hal_uart.o
    0x08001b52   0x08001b52   0x00000002   PAD
    0x08001b54   0x08001b54   0x000001a8   Code   RO         1749    i.HAL_UART_IRQHandler  py32f031_hal_uart.o
    0x08001cfc   0x08001cfc   0x00000002   Code   RO         1750    i.HAL_UART_IdleFrameDetectCpltCallback  py32f031_hal_uart.o
    0x08001cfe   0x08001cfe   0x0000008a   Code   RO         1751    i.HAL_UART_Init     py32f031_hal_uart.o
    0x08001d88   0x08001d88   0x000000a4   Code   RO          555    i.HAL_UART_MspInit  py32f031_hal_msp.o
    0x08001e2c   0x08001e2c   0x000000e4   Code   RO         1754    i.HAL_UART_Receive  py32f031_hal_uart.o
    0x08001f10   0x08001f10   0x00000002   Code   RO         1757    i.HAL_UART_RxCpltCallback  py32f031_hal_uart.o
    0x08001f12   0x08001f12   0x000000fe   Code   RO         1759    i.HAL_UART_Transmit  py32f031_hal_uart.o
    0x08002010   0x08002010   0x00000002   Code   RO         1762    i.HAL_UART_TxCpltCallback  py32f031_hal_uart.o
    0x08002012   0x08002012   0x00000004   Code   RO          586    i.HardFault_Handler  py32f031_it.o
    0x08002016   0x08002016   0x00000002   Code   RO          587    i.NMI_Handler       py32f031_it.o
    0x08002018   0x08002018   0x00000002   Code   RO          588    i.PendSV_Handler    py32f031_it.o
    0x0800201a   0x0800201a   0x00000002   PAD
    0x0800201c   0x0800201c   0x0000001c   Code   RO         1586    i.RCC_GetHSIFreq    py32f031_hal_rcc.o
    0x08002038   0x08002038   0x0000006a   Code   RO         2278    i.SPI_EndRxTxTransaction  py32f031_hal_spi.o
    0x080020a2   0x080020a2   0x00000002   PAD
    0x080020a4   0x080020a4   0x000000fc   Code   RO         2283    i.SPI_WaitFifoStateUntilTimeout  py32f031_hal_spi.o
    0x080021a0   0x080021a0   0x000000dc   Code   RO         2284    i.SPI_WaitFlagStateUntilTimeout  py32f031_hal_spi.o
    0x0800227c   0x0800227c   0x00000036   Code   RO          866    i.ST7789_Address_Set  lcd_spi.o
    0x080022b2   0x080022b2   0x000001da   Code   RO          873    i.ST7789_Init       lcd_spi.o
    0x0800248c   0x0800248c   0x00000050   Code   RO          874    i.ST7789_SendByte   lcd_spi.o
    0x080024dc   0x080024dc   0x00000014   Code   RO          875    i.ST7789_SendHalfWord  lcd_spi.o
    0x080024f0   0x080024f0   0x0000004c   Code   RO          876    i.ST7789_SendMultiByte  lcd_spi.o
    0x0800253c   0x0800253c   0x00000010   Code   RO          877    i.ST7789_SetFullWindow  lcd_spi.o
    0x0800254c   0x0800254c   0x0000000e   Code   RO          878    i.ST7789_WriteCommand  lcd_spi.o
    0x0800255a   0x0800255a   0x0000000e   Code   RO          879    i.ST7789_WriteData  lcd_spi.o
    0x08002568   0x08002568   0x00000002   Code   RO          589    i.SVC_Handler       py32f031_it.o
    0x0800256a   0x0800256a   0x00000008   Code   RO          590    i.SysTick_Handler   py32f031_it.o
    0x08002572   0x08002572   0x00000002   PAD
    0x08002574   0x08002574   0x0000004c   Code   RO           13    i.SystemInit        system_py32f031.o
    0x080025c0   0x080025c0   0x00000038   Code   RO         1764    i.UART_AdvFeatureConfig  py32f031_hal_uart.o
    0x080025f8   0x080025f8   0x00000014   Code   RO         1765    i.UART_DMAAbortOnError  py32f031_hal_uart.o
    0x0800260c   0x0800260c   0x00000022   Code   RO         1775    i.UART_EndRxTransfer  py32f031_hal_uart.o
    0x0800262e   0x0800262e   0x00000020   Code   RO         1776    i.UART_EndTransmit_IT  py32f031_hal_uart.o
    0x0800264e   0x0800264e   0x00000088   Code   RO         1778    i.UART_Receive_IT   py32f031_hal_uart.o
    0x080026d6   0x080026d6   0x00000002   PAD
    0x080026d8   0x080026d8   0x000001a4   Code   RO         1779    i.UART_SetConfig    py32f031_hal_uart.o
    0x0800287c   0x0800287c   0x00000072   Code   RO         1780    i.UART_Transmit_IT  py32f031_hal_uart.o
    0x080028ee   0x080028ee   0x00000070   Code   RO         1781    i.UART_WaitOnFlagUntilTimeout  py32f031_hal_uart.o
    0x0800295e   0x0800295e   0x00000002   PAD
    0x08002960   0x08002960   0x00000010   Code   RO          591    i.USART1_IRQHandler  py32f031_it.o
    0x08002970   0x08002970   0x00000008   Code   RO          783    i.UartFlashChecksumAdd  uart_flash_loader.o
    0x08002978   0x08002978   0x00000024   Code   RO          784    i.UartFlashClearRxFlags  uart_flash_loader.o
    0x0800299c   0x0800299c   0x0000001c   Code   RO          785    i.UartFlashLoadBe32  uart_flash_loader.o
    0x080029b8   0x080029b8   0x00000060   Code   RO          786    i.UartFlashLoader_DisableRxIrqAndFlush  uart_flash_loader.o
    0x08002a18   0x08002a18   0x00000118   Code   RO          787    i.UartFlashLoader_Run  uart_flash_loader.o
    0x08002b30   0x08002b30   0x00000028   Code   RO          788    i.UartFlashReadByte  uart_flash_loader.o
    0x08002b58   0x08002b58   0x00000180   Code   RO          789    i.UartFlashReadFrame  uart_flash_loader.o
    0x08002cd8   0x08002cd8   0x0000007e   Code   RO          790    i.UartFlashSendAck  uart_flash_loader.o
    0x08002d56   0x08002d56   0x00000002   PAD
    0x08002d58   0x08002d58   0x0000003c   Code   RO          791    i.UartFlashSendAckFail  uart_flash_loader.o
    0x08002d94   0x08002d94   0x0000000e   Code   RO          792    i.UartFlashSendAckSuccess  uart_flash_loader.o
    0x08002da2   0x08002da2   0x00000002   PAD
    0x08002da4   0x08002da4   0x00000018   Code   RO          793    i.UartFlashSendByte  uart_flash_loader.o
    0x08002dbc   0x08002dbc   0x00000028   Code   RO          794    i.UartFlashSendFinalAddr  uart_flash_loader.o
    0x08002de4   0x08002de4   0x00000022   Code   RO          644    i.W25QXX_CalcFlashSizeFromJEDEC  w25qxx.o
    0x08002e06   0x08002e06   0x00000002   PAD
    0x08002e08   0x08002e08   0x00000054   Code   RO          647    i.W25QXX_Erase_Sector  w25qxx.o
    0x08002e5c   0x08002e5c   0x00000074   Code   RO          648    i.W25QXX_Init       w25qxx.o
    0x08002ed0   0x08002ed0   0x00000048   Code   RO          651    i.W25QXX_ReadID     w25qxx.o
    0x08002f18   0x08002f18   0x00000054   Code   RO          652    i.W25QXX_ReadJEDECID  w25qxx.o
    0x08002f6c   0x08002f6c   0x00000030   Code   RO          653    i.W25QXX_ReadSR     w25qxx.o
    0x08002f9c   0x08002f9c   0x00000020   Code   RO          656    i.W25QXX_SPI_ReadWriteByte  w25qxx.o
    0x08002fbc   0x08002fbc   0x00000012   Code   RO          658    i.W25QXX_Wait_Busy  w25qxx.o
    0x08002fce   0x08002fce   0x00000002   PAD
    0x08002fd0   0x08002fd0   0x00000024   Code   RO          660    i.W25QXX_Write_Enable  w25qxx.o
    0x08002ff4   0x08002ff4   0x0000004c   Code   RO          661    i.W25QXX_Write_NoCheck  w25qxx.o
    0x08003040   0x08003040   0x00000060   Code   RO          662    i.W25QXX_Write_Page  w25qxx.o
    0x080030a0   0x080030a0   0x00000078   Code   RO         1392    i.__NVIC_SetPriority  py32f031_hal_cortex.o
    0x08003118   0x08003118   0x0000000e   Code   RO         3045    i.__scatterload_copy  mc_p.l(handlers.o)
    0x08003126   0x08003126   0x00000002   Code   RO         3046    i.__scatterload_null  mc_p.l(handlers.o)
    0x08003128   0x08003128   0x0000000e   Code   RO         3047    i.__scatterload_zeroinit  mc_p.l(handlers.o)
    0x08003136   0x08003136   0x00000024   Code   RO          122    i.main              main.o
    0x0800315a   0x0800315a   0x00000002   PAD
    0x0800315c   0x0800315c   0x00000080   Data   RO           14    .constdata          system_py32f031.o
    0x080031dc   0x080031dc   0x00000030   Data   RO          208    .constdata          app_i2c.o
    0x0800320c   0x0800320c   0x00000034   Data   RO         1587    .constdata          py32f031_hal_rcc.o
    0x08003240   0x08003240   0x00000020   Data   RO         3043    Region$$Table       anon$$obj.o


    Execution Region RW_IRAM1 (Exec base: 0x20000000, Load base: 0x08003260, Size: 0x000015a0, Max: 0x00002000, ABSOLUTE)

    Exec Addr    Load Addr    Size         Type   Attr      Idx    E Section Name        Object

    0x20000000   0x08003260   0x00000004   Data   RW           15    .data               system_py32f031.o
    0x20000004   0x08003264   0x00000008   Data   RW          666    .data               w25qxx.o
    0x2000000c   0x0800326c   0x00000004   Data   RW          796    .data               uart_flash_loader.o
    0x20000010   0x08003270   0x0000000c   Data   RW         1130    .data               py32f031_hal.o
    0x2000001c        -       0x000000a4   Zero   RW          123    .bss                main.o
    0x200000c0        -       0x000000e0   Zero   RW          664    .bss                w25qxx.o
    0x200001a0        -       0x00001000   Zero   RW          795    .bss                uart_flash_loader.o
    0x200011a0        -       0x00000400   Zero   RW            1    STACK               startup_py32f031xx.o


==============================================================================

Image component sizes


      Code (inc. data)   RO Data    RW Data    ZI Data      Debug   Object Name

       284         10         48          0          0       3031   app_i2c.o
       748          8          0          0          0       5071   lcd_spi.o
       292         22          0          0        164       4221   main.o
       202         34          0         12          0       4001   py32f031_hal.o
       294         38          0          0          0      12070   py32f031_hal_cortex.o
       728         36          0          0          0       4121   py32f031_hal_dma.o
       466          8          0          0          0       2947   py32f031_hal_gpio.o
       908         44          0          0          0       2663   py32f031_hal_msp.o
      2520        104         52          0          0       6413   py32f031_hal_rcc.o
      1794         12          0          0          0       7084   py32f031_hal_spi.o
      1976         10          0          0          0      12201   py32f031_hal_uart.o
        58         14          0          0          0       3188   py32f031_it.o
        28          8        192          0       1024        656   startup_py32f031xx.o
        76         18        128          4          0     263812   system_py32f031.o
      1136         66          0          4       4096       8117   uart_flash_loader.o
       696         74          0          8        224       6899   w25qxx.o

    ----------------------------------------------------------------------
     12238        506        452         28       5508     346495   Object Totals
         0          0         32          0          0          0   (incl. Generated)
        32          0          0          0          0          0   (incl. Padding)

    ----------------------------------------------------------------------

      Code (inc. data)   RO Data    RW Data    ZI Data      Debug   Library Member Name

         0          0          0          0          0          0   entry.o
         0          0          0          0          0          0   entry10a.o
         0          0          0          0          0          0   entry11a.o
         4          0          0          0          0          0   entry12b.o
         8          4          0          0          0          0   entry2.o
         4          0          0          0          0          0   entry5.o
         0          0          0          0          0          0   entry7b.o
         0          0          0          0          0          0   entry8b.o
         8          4          0          0          0          0   entry9a.o
        30          0          0          0          0          0   handlers.o
        36          8          0          0          0         68   init.o
        36          0          0          0          0         60   memcpya.o
        36          0          0          0          0        100   memseta.o
        44          0          0          0          0         72   uidiv.o

    ----------------------------------------------------------------------
       206         16          0          0          0        300   Library Totals
         0          0          0          0          0          0   (incl. Padding)

    ----------------------------------------------------------------------

      Code (inc. data)   RO Data    RW Data    ZI Data      Debug   Library Name

       206         16          0          0          0        300   mc_p.l

    ----------------------------------------------------------------------
       206         16          0          0          0        300   Library Totals

    ----------------------------------------------------------------------

==============================================================================


      Code (inc. data)   RO Data    RW Data    ZI Data      Debug   

     12444        522        452         28       5508     342767   Grand Totals
     12444        522        452         28       5508     342767   ELF Image Totals
     12444        522        452         28          0          0   ROM Totals

==============================================================================

    Total RO  Size (Code + RO Data)                12896 (  12.59kB)
    Total RW  Size (RW Data + ZI Data)              5536 (   5.41kB)
    Total ROM Size (Code + RO Data + RW Data)      12924 (  12.62kB)

==============================================================================

