<html>
<body>
<pre>
<h1>µVision Build Log</h1>
<h2>Tool Versions:</h2>
IDE-Version: ¦ÌVision V5.27.1.0
Copyright (C) 2019 ARM Ltd and ARM Germany GmbH. All rights reserved.
License Information: qwer ThinkPad X390, qwer, LIC=RC93N-YPIYN-GKVBG-V1SJN-AVNY5-M31T6
 
Tool Versions:
Toolchain:       MDK-ARM Plus  Version: 5.35.0.2
Toolchain Path:  D:\Keil_5\ARM\ARMCC\Bin
C Compiler:      Armcc.exe V5.06 update 7 (build 960)
Assembler:       Armasm.exe V5.06 update 7 (build 960)
Linker/Locator:  ArmLink.exe V5.06 update 7 (build 960)
Library Manager: ArmAr.exe V5.06 update 7 (build 960)
Hex Converter:   FromElf.exe V5.06 update 7 (build 960)
CPU DLL:         SARMCM3.DLL V5.35.0.2
Dialog DLL:      DARMCM1.DLL V1.19.4.0
Target DLL:      STLink\ST-LINKIII-KEIL_SWO.dll V3.0.9.0
Dialog DLL:      TARMCM1.DLL V1.14.4.0
 
<h2>Project:</h2>
c:\Users\ThinkPadX390\Desktop\JD6628-Eight_Port\ADC_MultiChannels_TriggerTimer_DMA\MDK-ARM\Project.uvprojx
Project File Date:  08/27/2026

<h2>Output:</h2>
*** Using Compiler 'V5.06 update 7 (build 960)', folder: 'D:\Keil_5\ARM\ARMCC\Bin'
Rebuild target 'Project'
assembling startup_py32f031xx.s...
compiling main.c...
compiling py32f031_it.c...
compiling system_py32f031.c...
compiling py32f031_hal_msp.c...
compiling APP_I2C.c...
compiling APP_LCD_KeyPage.c...
compiling w25qxx.c...
compiling lcd_spi.c...
compiling py32f031_hal.c...
compiling py32f031xx_Start_Kit.c...
compiling uart_flash_loader.c...
compiling py32f031_hal_cortex.c...
compiling py32f031_hal_rcc.c...
compiling py32f031_hal_dma.c...
compiling py32f031_hal_gpio.c...
compiling py32f031_hal_pwr.c...
compiling py32f031_hal_rcc_ex.c...
compiling py32f031_hal_uart.c...
compiling py32f031_hal_spi.c...
compiling py32f031_hal_i2c.c...
linking...
Program Size: Code=15940 RO-data=1780 RW-data=104 ZI-data=5744  
FromELF: creating hex file...
".\Output\Project.axf" - 0 Error(s), 0 Warning(s).

<h2>Software Packages used:</h2>

Package Vendor: ARM
                http://www.keil.com/pack/ARM.CMSIS.5.8.0.pack
                ARM.CMSIS.5.8.0
                CMSIS (Common Microcontroller Software Interface Standard)
   * Component: CORE Version: 5.5.0

Package Vendor: Puya
                https://www.puyasemi.com/uploadfiles/Puya.PY32F0xx_DFP.1.2.15.pack
                Puya.PY32F0xx_DFP.1.2.15
                Puya PY32F0 Series Device Support

<h2>Collection of Component include folders:</h2>
  .\RTE\_Project
  D:\Keil_5_huancun\ARM\CMSIS\5.8.0\CMSIS\Core\Include
  D:\Keil_5_huancun\Puya\PY32F0xx_DFP\1.2.15\Drivers\CMSIS\Device\PY32F0xx\Include

<h2>Collection of Component Files used:</h2>

   * Component: ARM::CMSIS:CORE:5.5.0
Build Time Elapsed:  00:00:04
</pre>
</body>
</html>
